******************************************************************************
                  TI ARM Linker PC v20.2.5                     
******************************************************************************
>> Linked Fri Dec 10 15:37:15 2021

OUTPUT FILE NAME:   <LCD.out>
ENTRY POINT SYMBOL: "_c_int00_noargs"  address: 00003441


MEMORY CONFIGURATION

         name            origin    length      used     unused   attr    fill
----------------------  --------  ---------  --------  --------  ----  --------
  MAIN                  00000000   00040000  000038b5  0003c74b  R  X
  INFO                  00200000   00004000  00000000  00004000  R  X
  SRAM_CODE             01000000   00010000  000011b4  0000ee4c  RW X
  SRAM_DATA             20000000   00010000  000011b4  0000ee4c  RW  


SEGMENT ALLOCATION MAP

run origin  load origin   length   init length attrs members
----------  ----------- ---------- ----------- ----- -------
00000000    00000000    000038b8   000038b8    r-x
  00000000    00000000    000000e4   000000e4    r-- .intvecs
  000000e4    000000e4    00003624   00003624    r-x .text
  00003708    00003708    00000115   00000115    r-- .const
  00003820    00003820    00000098   00000098    r-- .cinit
20000000    20000000    00000fb4   00000000    rw-
  20000000    20000000    000009c8   00000000    rw- .bss
  200009c8    200009c8    00000400   00000000    rw- .sysmem
  20000dc8    20000dc8    000001ec   00000000    rw- .data
2000fe00    2000fe00    00000200   00000000    rw-
  2000fe00    2000fe00    00000200   00000000    rw- .stack


SECTION ALLOCATION MAP

 output                                  attributes/
section   page    origin      length       input sections
--------  ----  ----------  ----------   ----------------
.intvecs   0    00000000    000000e4     
                  00000000    000000e4     startup_msp432p401r_ccs.obj (.intvecs:retain)

.text      0    000000e4    00003624     
                  000000e4    00000a4e     rtsv7M4_T_le_v4SPD16_eabi.lib : _printfi.c.obj (.text:__TI_printfi)
                  00000b32    00000002                                   : _lock.c.obj (.text:_nop)
                  00000b34    000004a0     app.obj (.text)
                  00000fd4    00000334     system_msp432p401r.obj (.text)
                  00001308    00000270     rtsv7M4_T_le_v4SPD16_eabi.lib : _printfi.c.obj (.text:_pconv_a)
                  00001578    000001d0                                   : _printfi.c.obj (.text:_pconv_g)
                  00001748    000001bc     lcd.obj (.text)
                  00001904    000001b6     rtsv7M4_T_le_v4SPD16_eabi.lib : fd_add_t2.asm.obj (.text)
                  00001aba    00000002                                   : div0.asm.obj (.text)
                  00001abc    0000013c                                   : fgets.c.obj (.text:_dofgets)
                  00001bf8    0000013c                                   : _printfi.c.obj (.text:_pconv_e)
                  00001d34    00000136                                   : fd_div_t2.asm.obj (.text)
                  00001e6a    00000132     autocorrelation.obj (.text)
                  00001f9c    00000124     rtsv7M4_T_le_v4SPD16_eabi.lib : _printfi.c.obj (.text:fcvt)
                  000020c0    00000110                                   : s_scalbn.c.obj (.text:scalbn)
                  000021d0    00000100                                   : memory.c.obj (.text:aligned_alloc)
                  000022d0    000000fc                                   : fd_mul_t2.asm.obj (.text)
                  000023cc    000000e8     uart.obj (.text)
                  000024b4    000000e4     rtsv7M4_T_le_v4SPD16_eabi.lib : memory.c.obj (.text:free)
                  00002598    000000dc                                   : setvbuf.c.obj (.text:setvbuf)
                  00002674    000000b1                                   : _printfi.c.obj (.text:_ltostr)
                  00002725    00000003     --HOLE-- [fill = 0]
                  00002728    0000009c                                   : _bufread.c.obj (.text:__TI_buff_read)
                  000027c4    0000009c                                   : memcpy_t2.asm.obj (.text)
                  00002860    00000096                                   : ull_div_t2.asm.obj (.text)
                  000028f6    00000002     --HOLE-- [fill = 0]
                  000028f8    00000088     adc.obj (.text)
                  00002980    00000086     rtsv7M4_T_le_v4SPD16_eabi.lib : fd_cmp_t2.asm.obj (.text:__aeabi_cdcmple)
                  00002a06    00000086                                   : fd_cmp_t2.asm.obj (.text:__aeabi_cdrcmple)
                  00002a8c    0000007a                                   : memset_t2.asm.obj (.text)
                  00002b06    00000002     --HOLE-- [fill = 0]
                  00002b08    00000074                                   : fclose.c.obj (.text:__TI_closefile)
                  00002b7c    00000070                                   : memory.c.obj (.text:split)
                  00002bec    0000006e                                   : _printfi.c.obj (.text:_mcpy)
                  00002c5a    00000002     --HOLE-- [fill = 0]
                  00002c5c    0000006c                                   : hostrename.c.obj (.text:HOSTrename)
                  00002cc8    00000068                                   : hostlseek.c.obj (.text:HOSTlseek)
                  00002d30    00000068                                   : copy_decompress_lzss.c.obj (.text:decompress:lzss:__TI_decompress_lzss)
                  00002d98    00000064                                   : s_frexp.c.obj (.text:frexp)
                  00002dfc    00000060                                   : hostopen.c.obj (.text:HOSTopen)
                  00002e5c    0000005c                                   : close.c.obj (.text:close)
                  00002eb8    00000058                                   : hostread.c.obj (.text:HOSTread)
                  00002f10    00000058                                   : hostwrite.c.obj (.text:HOSTwrite)
                  00002f68    00000056                                   : _printfi.c.obj (.text:_pconv_f)
                  00002fbe    00000054                                   : _ltoa.c.obj (.text:__TI_ltoa)
                  00003012    00000052                                   : _printfi.c.obj (.text:_ecpy)
                  00003064    0000004c                                   : fflush.c.obj (.text:__TI_doflush)
                  000030b0    0000004c                                   : atoi.c.obj (.text:atoi)
                  000030fc    0000004a                                   : _io_perm.c.obj (.text:__TI_rd_ok)
                  00003146    00000002     --HOLE-- [fill = 0]
                  00003148    00000048                                   : exit.c.obj (.text:exit)
                  00003190    00000048                                   : fd_toi_t2.asm.obj (.text)
                  000031d8    00000044                                   : hostclose.c.obj (.text:HOSTclose)
                  0000321c    00000044                                   : hostunlink.c.obj (.text:HOSTunlink)
                  00003260    00000044                                   : autoinit.c.obj (.text:__TI_auto_init_nobinit_nopinit:__TI_auto_init_nobinit_nopinit)
                  000032a4    00000044                                   : getdevice.c.obj (.text:getdevice)
                  000032e8    00000040                                   : sprintf.c.obj (.text:sprintf)
                  00003328    0000003e                                   : _printfi.c.obj (.text:_fcpy)
                  00003366    00000002     --HOLE-- [fill = 0]
                  00003368    00000038                                   : trgmsg.c.obj (.text:__TI_writemsg)
                  000033a0    00000036                                   : strncpy.c.obj (.text:strncpy)
                  000033d6    00000002     --HOLE-- [fill = 0]
                  000033d8    00000034                                   : fopen.c.obj (.text:__TI_cleanup)
                  0000340c    00000034                                   : trgmsg.c.obj (.text:__TI_readmsg)
                  00003440    00000034                                   : boot_cortex_m.c.obj (.text:_c_int00_noargs:_c_int00_noargs)
                  00003474    00000030                                   : getdevice.c.obj (.text:finddevice)
                  000034a4    0000002e                                   : i_tofd_t2.asm.obj (.text)
                  000034d2    00000002     --HOLE-- [fill = 0]
                  000034d4    0000002c                                   : unlink.c.obj (.text:unlink)
                  00003500    00000028                                   : memory.c.obj (.text:free_list_insert)
                  00003528    00000028                                   : read.c.obj (.text:read)
                  00003550    00000028                                   : write.c.obj (.text:write)
                  00003578    00000026     delay.obj (.text)
                  0000359e    00000020     rtsv7M4_T_le_v4SPD16_eabi.lib : memchr.c.obj (.text:memchr)
                  000035be    00000002     --HOLE-- [fill = 0]
                  000035c0    0000001c                                   : memory.c.obj (.text:free_list_remove)
                  000035dc    0000001c                                   : memccpy.c.obj (.text:memccpy)
                  000035f8    0000001a                                   : s_copysign.c.obj (.text:copysign)
                  00003612    00000018                                   : sprintf.c.obj (.text:_outs)
                  0000362a    00000018     main.obj (.text)
                  00003642    00000018     rtsv7M4_T_le_v4SPD16_eabi.lib : strcmp.c.obj (.text:strcmp)
                  0000365a    00000016                                   : strchr.c.obj (.text:strchr)
                  00003670    00000014                                   : strcpy.c.obj (.text:strcpy)
                  00003684    00000014                                   : strlen.c.obj (.text:strlen)
                  00003698    00000012                                   : wcslen.c.obj (.text:wcslen)
                  000036aa    00000002     --HOLE-- [fill = 0]
                  000036ac    00000010                                   : fgets.c.obj (.text:gets)
                  000036bc    0000000e                                   : copy_decompress_none.c.obj (.text:decompress:none:__TI_decompress_none)
                  000036ca    0000000e     startup_msp432p401r_ccs.obj (.text)
                  000036d8    0000000c     rtsv7M4_T_le_v4SPD16_eabi.lib : copy_zero_init.c.obj (.text:decompress:ZI:__TI_zero_init)
                  000036e4    0000000a                                   : sprintf.c.obj (.text:_outc)
                  000036ee    00000002     --HOLE-- [fill = 0]
                  000036f0    00000008                                   : errno.c.obj (.text:__aeabi_errno_addr)
                  000036f8    00000008                                   : memory.c.obj (.text:malloc)
                  00003700    00000004                                   : pre_init.c.obj (.text:_system_pre_init)
                  00003704    00000004                                   : exit.c.obj (.text:abort:abort)

.const     0    00003708    00000115     
                  00003708    00000101     rtsv7M4_T_le_v4SPD16_eabi.lib : ctype.c.obj (.const:.string:_ctypes_)
                  00003809    00000014     app.obj (.const:.string:$P$T0$1)

.cinit     0    00003820    00000098     
                  00003820    00000071     (.cinit..data.load) [load image, compression = lzss]
                  00003891    00000003     --HOLE-- [fill = 0]
                  00003894    0000000c     (__TI_handler_table)
                  000038a0    00000008     (.cinit..bss.load) [load image, compression = zero_init]
                  000038a8    00000010     (__TI_cinit_table)

.init_array 
*          0    00000000    00000000     UNINITIALIZED

.binit     0    00000000    00000000     

.bss       0    20000000    000009c8     UNINITIALIZED
                  20000000    00000800     app.obj (.bss:buffer)
                  20000800    00000120     rtsv7M4_T_le_v4SPD16_eabi.lib : trgmsg.c.obj (.bss:_CIOBUF_)
                  20000920    000000a0     (.common:__TI_tmpnams)
                  200009c0    00000008     (.common:parmbuf)

.sysmem    0    200009c8    00000400     UNINITIALIZED
                  200009c8    00000010     rtsv7M4_T_le_v4SPD16_eabi.lib : memory.c.obj (.sysmem)
                  200009d8    000003f0     --HOLE--

.data      0    20000dc8    000001ec     UNINITIALIZED
                  20000dc8    000000f0     rtsv7M4_T_le_v4SPD16_eabi.lib : defs.c.obj (.data:_ftable)
                  20000eb8    00000078                                   : host_device.c.obj (.data:_device)
                  20000f30    00000050                                   : host_device.c.obj (.data:_stream)
                  20000f80    00000010                                   : defs.c.obj (.data)
                  20000f90    0000000c                                   : exit.c.obj (.data:$O1$$)
                  20000f9c    00000008                                   : _lock.c.obj (.data:$O1$$)
                  20000fa4    00000008                                   : memory.c.obj (.data:$O1$$)
                  20000fac    00000004                                   : errno.c.obj (.data)
                  20000fb0    00000004     system_msp432p401r.obj (.data)

.stack     0    2000fe00    00000200     UNINITIALIZED
                  2000fe00    00000004     rtsv7M4_T_le_v4SPD16_eabi.lib : boot_cortex_m.c.obj (.stack)
                  2000fe04    000001fc     --HOLE--

__llvm_prf_cnts 
*          0    20000000    00000000     UNINITIALIZED

MODULE SUMMARY

       Module                        code    ro data   rw data
       ------                        ----    -------   -------
    .\
       app.obj                       1184    20        4096   
       system_msp432p401r.obj        820     0         8      
       lcd.obj                       444     0         0      
       autocorrelation.obj           306     0         0      
       startup_msp432p401r_ccs.obj   14      228       0      
       uart.obj                      232     0         0      
       adc.obj                       136     0         0      
       delay.obj                     38      0         0      
       main.obj                      24      0         0      
    +--+-----------------------------+-------+---------+---------+
       Total:                        3198    248       4104   
                                                              
    D:\UCB\codeComposerInstalled\ccs\tools\compiler\ti-cgt-arm_20.2.5.LTS\lib\rtsv7M4_T_le_v4SPD16_eabi.lib
       _printfi.c.obj                4851    0         0      
       defs.c.obj                    0       0         832    
       memory.c.obj                  672     0         16     
       trgmsg.c.obj                  108     0         576    
       fd_add_t2.asm.obj             438     0         0      
       host_device.c.obj             0       0         400    
       fgets.c.obj                   332     0         0      
       fd_div_t2.asm.obj             310     0         0      
       s_scalbn.c.obj                272     0         0      
       fd_cmp_t2.asm.obj             268     0         0      
       ctype.c.obj                   0       257       0      
       fd_mul_t2.asm.obj             252     0         0      
       setvbuf.c.obj                 220     0         0      
       _bufread.c.obj                156     0         0      
       memcpy_t2.asm.obj             156     0         0      
       ull_div_t2.asm.obj            150     0         0      
       memset_t2.asm.obj             122     0         0      
       fclose.c.obj                  116     0         0      
       getdevice.c.obj               116     0         0      
       hostopen.c.obj                96      0         16     
       hostrename.c.obj              108     0         0      
       copy_decompress_lzss.c.obj    104     0         0      
       hostlseek.c.obj               104     0         0      
       exit.c.obj                    76      0         24     
       s_frexp.c.obj                 100     0         0      
       sprintf.c.obj                 98      0         0      
       close.c.obj                   92      0         0      
       hostread.c.obj                88      0         0      
       hostwrite.c.obj               88      0         0      
       _ltoa.c.obj                   84      0         0      
       atoi.c.obj                    76      0         0      
       fflush.c.obj                  76      0         0      
       _io_perm.c.obj                74      0         0      
       fd_toi_t2.asm.obj             72      0         0      
       autoinit.c.obj                68      0         0      
       hostclose.c.obj               68      0         0      
       hostunlink.c.obj              68      0         0      
       strncpy.c.obj                 54      0         0      
       boot_cortex_m.c.obj           52      0         0      
       fopen.c.obj                   52      0         0      
       i_tofd_t2.asm.obj             46      0         0      
       unlink.c.obj                  44      0         0      
       read.c.obj                    40      0         0      
       write.c.obj                   40      0         0      
       memchr.c.obj                  32      0         0      
       memccpy.c.obj                 28      0         0      
       s_copysign.c.obj              26      0         0      
       strcmp.c.obj                  24      0         0      
       strchr.c.obj                  22      0         0      
       strcpy.c.obj                  20      0         0      
       strlen.c.obj                  20      0         0      
       _lock.c.obj                   2       0         16     
       wcslen.c.obj                  18      0         0      
       errno.c.obj                   8       0         8      
       copy_decompress_none.c.obj    14      0         0      
       copy_zero_init.c.obj          12      0         0      
       pre_init.c.obj                4       0         0      
       div0.asm.obj                  2       0         0      
    +--+-----------------------------+-------+---------+---------+
       Total:                        10639   257       1888   
                                                              
       Heap:                         0       0         2048   
       Stack:                        0       0         1024   
       Linker Generated:             0       149       0      
    +--+-----------------------------+-------+---------+---------+
       Grand Total:                  13837   654       9064   


LINKER GENERATED COPY TABLES

__TI_cinit_table @ 000038a8 records: 2, size/record: 8, table size: 16
	.data: load addr=00003820, load size=00000071 bytes, run addr=20000dc8, run size=000001ec bytes, compression=lzss
	.bss: load addr=000038a0, load size=00000008 bytes, run addr=20000000, run size=000009c8 bytes, compression=zero_init


LINKER GENERATED HANDLER TABLE

__TI_handler_table @ 00003894 records: 3, size/record: 4, table size: 12
	index: 0, handler: __TI_decompress_lzss
	index: 1, handler: __TI_decompress_none
	index: 2, handler: __TI_zero_init


GLOBAL SYMBOLS: SORTED ALPHABETICALLY BY Name 

address   name                           
-------   ----                           
000036d7  ADC14_IRQHandler               
000028f9  ADC_init                       
000036d7  AES256_IRQHandler              
000036d7  BusFault_Handler               
00003705  C$$EXIT                        
00003397  C$$IO$$                        
000036d7  COMP_E0_IRQHandler             
000036d7  COMP_E1_IRQHandler             
000036d7  CS_IRQHandler                  
000036d7  DMA_ERR_IRQHandler             
000036d7  DMA_INT0_IRQHandler            
000036d7  DMA_INT1_IRQHandler            
000036d7  DMA_INT2_IRQHandler            
000036d7  DMA_INT3_IRQHandler            
000036d7  DebugMon_Handler               
000036d7  Default_Handler                
0000246f  EUSCIA0_IRQHandler             
0000246f  EUSCIA0_IRQHandler             
000036d7  EUSCIA1_IRQHandler             
000036d7  EUSCIA2_IRQHandler             
000036d7  EUSCIA3_IRQHandler             
000036d7  EUSCIB0_IRQHandler             
000036d7  EUSCIB1_IRQHandler             
000036d7  EUSCIB2_IRQHandler             
000036d7  EUSCIB3_IRQHandler             
000036d7  FLCTL_IRQHandler               
000036d7  FPU_IRQHandler                 
000031d9  HOSTclose                      
00002cc9  HOSTlseek                      
00002dfd  HOSTopen                       
00002eb9  HOSTread                       
00002c5d  HOSTrename                     
0000321d  HOSTunlink                     
00002f11  HOSTwrite                      
000036d7  HardFault_Handler              
00001749  LCD_command                    
000017d9  LCD_data                       
00001789  LCD_init                       
000036d7  MemManage_Handler              
000036d7  NMI_Handler                    
000036d7  PCM_IRQHandler                 
000036d7  PORT1_IRQHandler               
000036d7  PORT2_IRQHandler               
000036d7  PORT3_IRQHandler               
000036d7  PORT4_IRQHandler               
000036d7  PORT5_IRQHandler               
000036d7  PORT6_IRQHandler               
000036d7  PSS_IRQHandler                 
000036d7  PendSV_Handler                 
000036d7  RTC_C_IRQHandler               
000036cb  Reset_Handler                  
000036d7  SVC_Handler                    
000036d7  SysTick_Handler                
20000fb0  SystemCoreClock                
00000fd5  SystemCoreClockUpdate          
0000124d  SystemInit                     
000036d7  T32_INT1_IRQHandler            
000036d7  T32_INT2_IRQHandler            
000036d7  T32_INTC_IRQHandler            
000036d7  TA0_0_IRQHandler               
000036d7  TA0_N_IRQHandler               
000036d7  TA1_0_IRQHandler               
000036d7  TA1_N_IRQHandler               
000036d7  TA2_0_IRQHandler               
000036d7  TA2_N_IRQHandler               
000036d7  TA3_0_IRQHandler               
000036d7  TA3_N_IRQHandler               
000036d7  UsageFault_Handler             
4000480c  WDTCTL_SYM                     
000036d7  WDT_A_IRQHandler               
20000800  __CIOBUF_                      
20010000  __STACK_END                    
00000200  __STACK_SIZE                   
00000400  __SYSMEM_SIZE                  
000038a8  __TI_CINIT_Base                
000038b8  __TI_CINIT_Limit               
00003894  __TI_Handler_Table_Base        
000038a0  __TI_Handler_Table_Limit       
00003261  __TI_auto_init_nobinit_nopinit 
00002729  __TI_buff_read                 
000033d9  __TI_cleanup                   
20000f90  __TI_cleanup_ptr               
00002b09  __TI_closefile                 
00002d31  __TI_decompress_lzss           
000036bd  __TI_decompress_none           
00003065  __TI_doflush                   
20000f94  __TI_dtors_ptr                 
20000f98  __TI_enable_exit_profile_output
20000f80  __TI_ft_end                    
00002fbf  __TI_ltoa                      
ffffffff  __TI_pprof_out_hndl            
000000e5  __TI_printfi                   
ffffffff  __TI_prof_data_size            
ffffffff  __TI_prof_data_start           
000030fd  __TI_rd_ok                     
0000340d  __TI_readmsg                   
00000000  __TI_static_base__             
20000920  __TI_tmpnams                   
00003369  __TI_writemsg                  
000036d9  __TI_zero_init                 
00002981  __aeabi_cdcmpeq                
00002981  __aeabi_cdcmple                
00002a07  __aeabi_cdrcmple               
00003191  __aeabi_d2iz                   
0000190f  __aeabi_dadd                   
00001d35  __aeabi_ddiv                   
000022d1  __aeabi_dmul                   
00001905  __aeabi_dsub                   
000036f1  __aeabi_errno_addr             
000034a5  __aeabi_i2d                    
00001abb  __aeabi_idiv0                  
00001abb  __aeabi_ldiv0                  
00002a8d  __aeabi_memclr                 
00002a8d  __aeabi_memclr4                
00002a8d  __aeabi_memclr8                
000027c5  __aeabi_memcpy                 
000027c5  __aeabi_memcpy4                
000027c5  __aeabi_memcpy8                
00002a8f  __aeabi_memset                 
00002a8f  __aeabi_memset4                
00002a8f  __aeabi_memset8                
20000f8c  __aeabi_stderr                 
20000f84  __aeabi_stdin                  
20000f88  __aeabi_stdout                 
00002861  __aeabi_uldivmod               
ffffffff  __binit__                      
ffffffff  __c_args__                     
UNDEFED   __mpu_init                     
2000fe00  __stack                        
20000000  __start___llvm_prf_cnts        
20000000  __stop___llvm_prf_cnts         
00003441  _c_int00_noargs                
00003708  _ctypes_                       
20000eb8  _device                        
20000dc8  _ftable                        
20000f9c  _lock                          
00000b33  _nop                           
20000f30  _stream                        
200009c8  _sys_memory                    
UNDEFED   _system_post_cinit             
00003701  _system_pre_init               
20000fa0  _unlock                        
00003705  abort                          
000021d1  aligned_alloc                  
000030b1  atoi                           
00001e6b  autocorrelate_detect_period    
ffffffff  binit                          
00002e5d  close                          
00000bd7  convertStringToFreq            
000035f9  copysign                       
000035f9  copysignl                      
00003579  delayMs                        
00000b35  detectFrequency                
0000189f  displayBootUpMessage           
00001849  displayFrequency               
00001815  displayString                  
000018a9  displaySucessMessage           
20000fac  errno                          
00003149  exit                           
00003475  finddevice                     
000024b5  free                           
00002d99  frexp                          
00002d99  frexpl                         
000032a5  getdevice                      
000036ad  gets                           
00002405  initUart                       
00000000  interruptVectors               
000020c1  ldexp                          
000020c1  ldexpl                         
0000362b  main                           
000036f9  malloc                         
000021d1  memalign                       
000035dd  memccpy                        
0000359f  memchr                         
000027c5  memcpy                         
00002a95  memset                         
200009c0  parmbuf                        
00000c49  printUserInterface             
000023cd  putChar                        
000023e9  putStr                         
00003529  read                           
000034d5  remove                         
000020c1  scalbn                         
000020c1  scalbnl                        
00002599  setvbuf                        
000032e9  sprintf                        
0000365b  strchr                         
00003643  strcmp                         
00003671  strcpy                         
00003685  strlen                         
000033a1  strncpy                        
00000cfb  tuneGuitarString               
000034d5  unlink                         
00003699  wcslen                         
00003551  write                          


GLOBAL SYMBOLS: SORTED BY Symbol Address 

address   name                           
-------   ----                           
00000000  __TI_static_base__             
00000000  interruptVectors               
000000e5  __TI_printfi                   
00000200  __STACK_SIZE                   
00000400  __SYSMEM_SIZE                  
00000b33  _nop                           
00000b35  detectFrequency                
00000bd7  convertStringToFreq            
00000c49  printUserInterface             
00000cfb  tuneGuitarString               
00000fd5  SystemCoreClockUpdate          
0000124d  SystemInit                     
00001749  LCD_command                    
00001789  LCD_init                       
000017d9  LCD_data                       
00001815  displayString                  
00001849  displayFrequency               
0000189f  displayBootUpMessage           
000018a9  displaySucessMessage           
00001905  __aeabi_dsub                   
0000190f  __aeabi_dadd                   
00001abb  __aeabi_idiv0                  
00001abb  __aeabi_ldiv0                  
00001d35  __aeabi_ddiv                   
00001e6b  autocorrelate_detect_period    
000020c1  ldexp                          
000020c1  ldexpl                         
000020c1  scalbn                         
000020c1  scalbnl                        
000021d1  aligned_alloc                  
000021d1  memalign                       
000022d1  __aeabi_dmul                   
000023cd  putChar                        
000023e9  putStr                         
00002405  initUart                       
0000246f  EUSCIA0_IRQHandler             
0000246f  EUSCIA0_IRQHandler             
000024b5  free                           
00002599  setvbuf                        
00002729  __TI_buff_read                 
000027c5  __aeabi_memcpy                 
000027c5  __aeabi_memcpy4                
000027c5  __aeabi_memcpy8                
000027c5  memcpy                         
00002861  __aeabi_uldivmod               
000028f9  ADC_init                       
00002981  __aeabi_cdcmpeq                
00002981  __aeabi_cdcmple                
00002a07  __aeabi_cdrcmple               
00002a8d  __aeabi_memclr                 
00002a8d  __aeabi_memclr4                
00002a8d  __aeabi_memclr8                
00002a8f  __aeabi_memset                 
00002a8f  __aeabi_memset4                
00002a8f  __aeabi_memset8                
00002a95  memset                         
00002b09  __TI_closefile                 
00002c5d  HOSTrename                     
00002cc9  HOSTlseek                      
00002d31  __TI_decompress_lzss           
00002d99  frexp                          
00002d99  frexpl                         
00002dfd  HOSTopen                       
00002e5d  close                          
00002eb9  HOSTread                       
00002f11  HOSTwrite                      
00002fbf  __TI_ltoa                      
00003065  __TI_doflush                   
000030b1  atoi                           
000030fd  __TI_rd_ok                     
00003149  exit                           
00003191  __aeabi_d2iz                   
000031d9  HOSTclose                      
0000321d  HOSTunlink                     
00003261  __TI_auto_init_nobinit_nopinit 
000032a5  getdevice                      
000032e9  sprintf                        
00003369  __TI_writemsg                  
00003397  C$$IO$$                        
000033a1  strncpy                        
000033d9  __TI_cleanup                   
0000340d  __TI_readmsg                   
00003441  _c_int00_noargs                
00003475  finddevice                     
000034a5  __aeabi_i2d                    
000034d5  remove                         
000034d5  unlink                         
00003529  read                           
00003551  write                          
00003579  delayMs                        
0000359f  memchr                         
000035dd  memccpy                        
000035f9  copysign                       
000035f9  copysignl                      
0000362b  main                           
00003643  strcmp                         
0000365b  strchr                         
00003671  strcpy                         
00003685  strlen                         
00003699  wcslen                         
000036ad  gets                           
000036bd  __TI_decompress_none           
000036cb  Reset_Handler                  
000036d7  ADC14_IRQHandler               
000036d7  AES256_IRQHandler              
000036d7  BusFault_Handler               
000036d7  COMP_E0_IRQHandler             
000036d7  COMP_E1_IRQHandler             
000036d7  CS_IRQHandler                  
000036d7  DMA_ERR_IRQHandler             
000036d7  DMA_INT0_IRQHandler            
000036d7  DMA_INT1_IRQHandler            
000036d7  DMA_INT2_IRQHandler            
000036d7  DMA_INT3_IRQHandler            
000036d7  DebugMon_Handler               
000036d7  Default_Handler                
000036d7  EUSCIA1_IRQHandler             
000036d7  EUSCIA2_IRQHandler             
000036d7  EUSCIA3_IRQHandler             
000036d7  EUSCIB0_IRQHandler             
000036d7  EUSCIB1_IRQHandler             
000036d7  EUSCIB2_IRQHandler             
000036d7  EUSCIB3_IRQHandler             
000036d7  FLCTL_IRQHandler               
000036d7  FPU_IRQHandler                 
000036d7  HardFault_Handler              
000036d7  MemManage_Handler              
000036d7  NMI_Handler                    
000036d7  PCM_IRQHandler                 
000036d7  PORT1_IRQHandler               
000036d7  PORT2_IRQHandler               
000036d7  PORT3_IRQHandler               
000036d7  PORT4_IRQHandler               
000036d7  PORT5_IRQHandler               
000036d7  PORT6_IRQHandler               
000036d7  PSS_IRQHandler                 
000036d7  PendSV_Handler                 
000036d7  RTC_C_IRQHandler               
000036d7  SVC_Handler                    
000036d7  SysTick_Handler                
000036d7  T32_INT1_IRQHandler            
000036d7  T32_INT2_IRQHandler            
000036d7  T32_INTC_IRQHandler            
000036d7  TA0_0_IRQHandler               
000036d7  TA0_N_IRQHandler               
000036d7  TA1_0_IRQHandler               
000036d7  TA1_N_IRQHandler               
000036d7  TA2_0_IRQHandler               
000036d7  TA2_N_IRQHandler               
000036d7  TA3_0_IRQHandler               
000036d7  TA3_N_IRQHandler               
000036d7  UsageFault_Handler             
000036d7  WDT_A_IRQHandler               
000036d9  __TI_zero_init                 
000036f1  __aeabi_errno_addr             
000036f9  malloc                         
00003701  _system_pre_init               
00003705  C$$EXIT                        
00003705  abort                          
00003708  _ctypes_                       
00003894  __TI_Handler_Table_Base        
000038a0  __TI_Handler_Table_Limit       
000038a8  __TI_CINIT_Base                
000038b8  __TI_CINIT_Limit               
20000000  __start___llvm_prf_cnts        
20000000  __stop___llvm_prf_cnts         
20000800  __CIOBUF_                      
20000920  __TI_tmpnams                   
200009c0  parmbuf                        
200009c8  _sys_memory                    
20000dc8  _ftable                        
20000eb8  _device                        
20000f30  _stream                        
20000f80  __TI_ft_end                    
20000f84  __aeabi_stdin                  
20000f88  __aeabi_stdout                 
20000f8c  __aeabi_stderr                 
20000f90  __TI_cleanup_ptr               
20000f94  __TI_dtors_ptr                 
20000f98  __TI_enable_exit_profile_output
20000f9c  _lock                          
20000fa0  _unlock                        
20000fac  errno                          
20000fb0  SystemCoreClock                
2000fe00  __stack                        
20010000  __STACK_END                    
4000480c  WDTCTL_SYM                     
ffffffff  __TI_pprof_out_hndl            
ffffffff  __TI_prof_data_size            
ffffffff  __TI_prof_data_start           
ffffffff  __binit__                      
ffffffff  __c_args__                     
ffffffff  binit                          
UNDEFED   __mpu_init                     
UNDEFED   _system_post_cinit             

[195 symbols]
