<?xml version="1.0" encoding="ISO-8859-1" ?>
<link_info>
   <banner>TI ARM Linker PC v20.2.5.LTS</banner>
   <copyright>Copyright (c) 1996-2018 Texas Instruments Incorporated</copyright>
   <link_time>0x61b3d69b</link_time>
   <link_errors>0x0</link_errors>
   <output_file>LCD.out</output_file>
   <entry_point>
      <name>_c_int00_noargs</name>
      <address>0x3441</address>
   </entry_point>
   <input_file_list>
      <input_file id="fl-2">
         <path>.\</path>
         <kind>object</kind>
         <file>adc.obj</file>
         <name>adc.obj</name>
      </input_file>
      <input_file id="fl-3">
         <path>.\</path>
         <kind>object</kind>
         <file>app.obj</file>
         <name>app.obj</name>
      </input_file>
      <input_file id="fl-4">
         <path>.\</path>
         <kind>object</kind>
         <file>autocorrelation.obj</file>
         <name>autocorrelation.obj</name>
      </input_file>
      <input_file id="fl-5">
         <path>.\</path>
         <kind>object</kind>
         <file>delay.obj</file>
         <name>delay.obj</name>
      </input_file>
      <input_file id="fl-6">
         <path>.\</path>
         <kind>object</kind>
         <file>lcd.obj</file>
         <name>lcd.obj</name>
      </input_file>
      <input_file id="fl-7">
         <path>.\</path>
         <kind>object</kind>
         <file>main.obj</file>
         <name>main.obj</name>
      </input_file>
      <input_file id="fl-8">
         <path>.\</path>
         <kind>object</kind>
         <file>startup_msp432p401r_ccs.obj</file>
         <name>startup_msp432p401r_ccs.obj</name>
      </input_file>
      <input_file id="fl-9">
         <path>.\</path>
         <kind>object</kind>
         <file>system_msp432p401r.obj</file>
         <name>system_msp432p401r.obj</name>
      </input_file>
      <input_file id="fl-a">
         <path>.\</path>
         <kind>object</kind>
         <file>uart.obj</file>
         <name>uart.obj</name>
      </input_file>
      <input_file id="fl-e">
         <kind>object</kind>
         <file>&lt;internal&gt;</file>
         <name>&lt;internal&gt;</name>
      </input_file>
      <input_file id="fl-c4">
         <path>D:\UCB\codeComposerInstalled\ccs\tools\compiler\ti-cgt-arm_20.2.5.LTS\lib\</path>
         <kind>archive</kind>
         <file>rtsv7M4_T_le_v4SPD16_eabi.lib</file>
         <name>sprintf.c.obj</name>
      </input_file>
      <input_file id="fl-c5">
         <path>D:\UCB\codeComposerInstalled\ccs\tools\compiler\ti-cgt-arm_20.2.5.LTS\lib\</path>
         <kind>archive</kind>
         <file>rtsv7M4_T_le_v4SPD16_eabi.lib</file>
         <name>fgets.c.obj</name>
      </input_file>
      <input_file id="fl-c6">
         <path>D:\UCB\codeComposerInstalled\ccs\tools\compiler\ti-cgt-arm_20.2.5.LTS\lib\</path>
         <kind>archive</kind>
         <file>rtsv7M4_T_le_v4SPD16_eabi.lib</file>
         <name>_bufread.c.obj</name>
      </input_file>
      <input_file id="fl-c7">
         <path>D:\UCB\codeComposerInstalled\ccs\tools\compiler\ti-cgt-arm_20.2.5.LTS\lib\</path>
         <kind>archive</kind>
         <file>rtsv7M4_T_le_v4SPD16_eabi.lib</file>
         <name>_io_perm.c.obj</name>
      </input_file>
      <input_file id="fl-c8">
         <path>D:\UCB\codeComposerInstalled\ccs\tools\compiler\ti-cgt-arm_20.2.5.LTS\lib\</path>
         <kind>archive</kind>
         <file>rtsv7M4_T_le_v4SPD16_eabi.lib</file>
         <name>setvbuf.c.obj</name>
      </input_file>
      <input_file id="fl-c9">
         <path>D:\UCB\codeComposerInstalled\ccs\tools\compiler\ti-cgt-arm_20.2.5.LTS\lib\</path>
         <kind>archive</kind>
         <file>rtsv7M4_T_le_v4SPD16_eabi.lib</file>
         <name>memcpy_t2.asm.obj</name>
      </input_file>
      <input_file id="fl-ca">
         <path>D:\UCB\codeComposerInstalled\ccs\tools\compiler\ti-cgt-arm_20.2.5.LTS\lib\</path>
         <kind>archive</kind>
         <file>rtsv7M4_T_le_v4SPD16_eabi.lib</file>
         <name>copy_zero_init.c.obj</name>
      </input_file>
      <input_file id="fl-cb">
         <path>D:\UCB\codeComposerInstalled\ccs\tools\compiler\ti-cgt-arm_20.2.5.LTS\lib\</path>
         <kind>archive</kind>
         <file>rtsv7M4_T_le_v4SPD16_eabi.lib</file>
         <name>copy_decompress_none.c.obj</name>
      </input_file>
      <input_file id="fl-cc">
         <path>D:\UCB\codeComposerInstalled\ccs\tools\compiler\ti-cgt-arm_20.2.5.LTS\lib\</path>
         <kind>archive</kind>
         <file>rtsv7M4_T_le_v4SPD16_eabi.lib</file>
         <name>copy_decompress_lzss.c.obj</name>
      </input_file>
      <input_file id="fl-cd">
         <path>D:\UCB\codeComposerInstalled\ccs\tools\compiler\ti-cgt-arm_20.2.5.LTS\lib\</path>
         <kind>archive</kind>
         <file>rtsv7M4_T_le_v4SPD16_eabi.lib</file>
         <name>exit.c.obj</name>
      </input_file>
      <input_file id="fl-ce">
         <path>D:\UCB\codeComposerInstalled\ccs\tools\compiler\ti-cgt-arm_20.2.5.LTS\lib\</path>
         <kind>archive</kind>
         <file>rtsv7M4_T_le_v4SPD16_eabi.lib</file>
         <name>_lock.c.obj</name>
      </input_file>
      <input_file id="fl-cf">
         <path>D:\UCB\codeComposerInstalled\ccs\tools\compiler\ti-cgt-arm_20.2.5.LTS\lib\</path>
         <kind>archive</kind>
         <file>rtsv7M4_T_le_v4SPD16_eabi.lib</file>
         <name>defs.c.obj</name>
      </input_file>
      <input_file id="fl-d0">
         <path>D:\UCB\codeComposerInstalled\ccs\tools\compiler\ti-cgt-arm_20.2.5.LTS\lib\</path>
         <kind>archive</kind>
         <file>rtsv7M4_T_le_v4SPD16_eabi.lib</file>
         <name>memchr.c.obj</name>
      </input_file>
      <input_file id="fl-d1">
         <path>D:\UCB\codeComposerInstalled\ccs\tools\compiler\ti-cgt-arm_20.2.5.LTS\lib\</path>
         <kind>archive</kind>
         <file>rtsv7M4_T_le_v4SPD16_eabi.lib</file>
         <name>memory.c.obj</name>
      </input_file>
      <input_file id="fl-d2">
         <path>D:\UCB\codeComposerInstalled\ccs\tools\compiler\ti-cgt-arm_20.2.5.LTS\lib\</path>
         <kind>archive</kind>
         <file>rtsv7M4_T_le_v4SPD16_eabi.lib</file>
         <name>strcmp.c.obj</name>
      </input_file>
      <input_file id="fl-d3">
         <path>D:\UCB\codeComposerInstalled\ccs\tools\compiler\ti-cgt-arm_20.2.5.LTS\lib\</path>
         <kind>archive</kind>
         <file>rtsv7M4_T_le_v4SPD16_eabi.lib</file>
         <name>boot_cortex_m.c.obj</name>
      </input_file>
      <input_file id="fl-d4">
         <path>D:\UCB\codeComposerInstalled\ccs\tools\compiler\ti-cgt-arm_20.2.5.LTS\lib\</path>
         <kind>archive</kind>
         <file>rtsv7M4_T_le_v4SPD16_eabi.lib</file>
         <name>read.c.obj</name>
      </input_file>
      <input_file id="fl-d5">
         <path>D:\UCB\codeComposerInstalled\ccs\tools\compiler\ti-cgt-arm_20.2.5.LTS\lib\</path>
         <kind>archive</kind>
         <file>rtsv7M4_T_le_v4SPD16_eabi.lib</file>
         <name>_printfi.c.obj</name>
      </input_file>
      <input_file id="fl-d6">
         <path>D:\UCB\codeComposerInstalled\ccs\tools\compiler\ti-cgt-arm_20.2.5.LTS\lib\</path>
         <kind>archive</kind>
         <file>rtsv7M4_T_le_v4SPD16_eabi.lib</file>
         <name>fflush.c.obj</name>
      </input_file>
      <input_file id="fl-d7">
         <path>D:\UCB\codeComposerInstalled\ccs\tools\compiler\ti-cgt-arm_20.2.5.LTS\lib\</path>
         <kind>archive</kind>
         <file>rtsv7M4_T_le_v4SPD16_eabi.lib</file>
         <name>fopen.c.obj</name>
      </input_file>
      <input_file id="fl-d8">
         <path>D:\UCB\codeComposerInstalled\ccs\tools\compiler\ti-cgt-arm_20.2.5.LTS\lib\</path>
         <kind>archive</kind>
         <file>rtsv7M4_T_le_v4SPD16_eabi.lib</file>
         <name>fseek.c.obj</name>
      </input_file>
      <input_file id="fl-d9">
         <path>D:\UCB\codeComposerInstalled\ccs\tools\compiler\ti-cgt-arm_20.2.5.LTS\lib\</path>
         <kind>archive</kind>
         <file>rtsv7M4_T_le_v4SPD16_eabi.lib</file>
         <name>s_frexp.c.obj</name>
      </input_file>
      <input_file id="fl-da">
         <path>D:\UCB\codeComposerInstalled\ccs\tools\compiler\ti-cgt-arm_20.2.5.LTS\lib\</path>
         <kind>archive</kind>
         <file>rtsv7M4_T_le_v4SPD16_eabi.lib</file>
         <name>s_scalbn.c.obj</name>
      </input_file>
      <input_file id="fl-db">
         <path>D:\UCB\codeComposerInstalled\ccs\tools\compiler\ti-cgt-arm_20.2.5.LTS\lib\</path>
         <kind>archive</kind>
         <file>rtsv7M4_T_le_v4SPD16_eabi.lib</file>
         <name>wcslen.c.obj</name>
      </input_file>
      <input_file id="fl-dc">
         <path>D:\UCB\codeComposerInstalled\ccs\tools\compiler\ti-cgt-arm_20.2.5.LTS\lib\</path>
         <kind>archive</kind>
         <file>rtsv7M4_T_le_v4SPD16_eabi.lib</file>
         <name>fd_add_t2.asm.obj</name>
      </input_file>
      <input_file id="fl-dd">
         <path>D:\UCB\codeComposerInstalled\ccs\tools\compiler\ti-cgt-arm_20.2.5.LTS\lib\</path>
         <kind>archive</kind>
         <file>rtsv7M4_T_le_v4SPD16_eabi.lib</file>
         <name>fd_cmp_t2.asm.obj</name>
      </input_file>
      <input_file id="fl-de">
         <path>D:\UCB\codeComposerInstalled\ccs\tools\compiler\ti-cgt-arm_20.2.5.LTS\lib\</path>
         <kind>archive</kind>
         <file>rtsv7M4_T_le_v4SPD16_eabi.lib</file>
         <name>fd_div_t2.asm.obj</name>
      </input_file>
      <input_file id="fl-df">
         <path>D:\UCB\codeComposerInstalled\ccs\tools\compiler\ti-cgt-arm_20.2.5.LTS\lib\</path>
         <kind>archive</kind>
         <file>rtsv7M4_T_le_v4SPD16_eabi.lib</file>
         <name>fd_mul_t2.asm.obj</name>
      </input_file>
      <input_file id="fl-e0">
         <path>D:\UCB\codeComposerInstalled\ccs\tools\compiler\ti-cgt-arm_20.2.5.LTS\lib\</path>
         <kind>archive</kind>
         <file>rtsv7M4_T_le_v4SPD16_eabi.lib</file>
         <name>fd_toi_t2.asm.obj</name>
      </input_file>
      <input_file id="fl-e1">
         <path>D:\UCB\codeComposerInstalled\ccs\tools\compiler\ti-cgt-arm_20.2.5.LTS\lib\</path>
         <kind>archive</kind>
         <file>rtsv7M4_T_le_v4SPD16_eabi.lib</file>
         <name>i_tofd_t2.asm.obj</name>
      </input_file>
      <input_file id="fl-e2">
         <path>D:\UCB\codeComposerInstalled\ccs\tools\compiler\ti-cgt-arm_20.2.5.LTS\lib\</path>
         <kind>archive</kind>
         <file>rtsv7M4_T_le_v4SPD16_eabi.lib</file>
         <name>ull_div_t2.asm.obj</name>
      </input_file>
      <input_file id="fl-e3">
         <path>D:\UCB\codeComposerInstalled\ccs\tools\compiler\ti-cgt-arm_20.2.5.LTS\lib\</path>
         <kind>archive</kind>
         <file>rtsv7M4_T_le_v4SPD16_eabi.lib</file>
         <name>memset_t2.asm.obj</name>
      </input_file>
      <input_file id="fl-e4">
         <path>D:\UCB\codeComposerInstalled\ccs\tools\compiler\ti-cgt-arm_20.2.5.LTS\lib\</path>
         <kind>archive</kind>
         <file>rtsv7M4_T_le_v4SPD16_eabi.lib</file>
         <name>autoinit.c.obj</name>
      </input_file>
      <input_file id="fl-e5">
         <path>D:\UCB\codeComposerInstalled\ccs\tools\compiler\ti-cgt-arm_20.2.5.LTS\lib\</path>
         <kind>archive</kind>
         <file>rtsv7M4_T_le_v4SPD16_eabi.lib</file>
         <name>pre_init.c.obj</name>
      </input_file>
      <input_file id="fl-e6">
         <path>D:\UCB\codeComposerInstalled\ccs\tools\compiler\ti-cgt-arm_20.2.5.LTS\lib\</path>
         <kind>archive</kind>
         <file>rtsv7M4_T_le_v4SPD16_eabi.lib</file>
         <name>cpy_tbl.c.obj</name>
      </input_file>
      <input_file id="fl-e7">
         <path>D:\UCB\codeComposerInstalled\ccs\tools\compiler\ti-cgt-arm_20.2.5.LTS\lib\</path>
         <kind>archive</kind>
         <file>rtsv7M4_T_le_v4SPD16_eabi.lib</file>
         <name>_ltoa.c.obj</name>
      </input_file>
      <input_file id="fl-e8">
         <path>D:\UCB\codeComposerInstalled\ccs\tools\compiler\ti-cgt-arm_20.2.5.LTS\lib\</path>
         <kind>archive</kind>
         <file>rtsv7M4_T_le_v4SPD16_eabi.lib</file>
         <name>args_main.c.obj</name>
      </input_file>
      <input_file id="fl-e9">
         <path>D:\UCB\codeComposerInstalled\ccs\tools\compiler\ti-cgt-arm_20.2.5.LTS\lib\</path>
         <kind>archive</kind>
         <file>rtsv7M4_T_le_v4SPD16_eabi.lib</file>
         <name>atoi.c.obj</name>
      </input_file>
      <input_file id="fl-ea">
         <path>D:\UCB\codeComposerInstalled\ccs\tools\compiler\ti-cgt-arm_20.2.5.LTS\lib\</path>
         <kind>archive</kind>
         <file>rtsv7M4_T_le_v4SPD16_eabi.lib</file>
         <name>ctype.c.obj</name>
      </input_file>
      <input_file id="fl-eb">
         <path>D:\UCB\codeComposerInstalled\ccs\tools\compiler\ti-cgt-arm_20.2.5.LTS\lib\</path>
         <kind>archive</kind>
         <file>rtsv7M4_T_le_v4SPD16_eabi.lib</file>
         <name>memccpy.c.obj</name>
      </input_file>
      <input_file id="fl-ec">
         <path>D:\UCB\codeComposerInstalled\ccs\tools\compiler\ti-cgt-arm_20.2.5.LTS\lib\</path>
         <kind>archive</kind>
         <file>rtsv7M4_T_le_v4SPD16_eabi.lib</file>
         <name>strchr.c.obj</name>
      </input_file>
      <input_file id="fl-ed">
         <path>D:\UCB\codeComposerInstalled\ccs\tools\compiler\ti-cgt-arm_20.2.5.LTS\lib\</path>
         <kind>archive</kind>
         <file>rtsv7M4_T_le_v4SPD16_eabi.lib</file>
         <name>strlen.c.obj</name>
      </input_file>
      <input_file id="fl-ee">
         <path>D:\UCB\codeComposerInstalled\ccs\tools\compiler\ti-cgt-arm_20.2.5.LTS\lib\</path>
         <kind>archive</kind>
         <file>rtsv7M4_T_le_v4SPD16_eabi.lib</file>
         <name>errno.c.obj</name>
      </input_file>
      <input_file id="fl-ef">
         <path>D:\UCB\codeComposerInstalled\ccs\tools\compiler\ti-cgt-arm_20.2.5.LTS\lib\</path>
         <kind>archive</kind>
         <file>rtsv7M4_T_le_v4SPD16_eabi.lib</file>
         <name>write.c.obj</name>
      </input_file>
      <input_file id="fl-f0">
         <path>D:\UCB\codeComposerInstalled\ccs\tools\compiler\ti-cgt-arm_20.2.5.LTS\lib\</path>
         <kind>archive</kind>
         <file>rtsv7M4_T_le_v4SPD16_eabi.lib</file>
         <name>host_device.c.obj</name>
      </input_file>
      <input_file id="fl-f1">
         <path>D:\UCB\codeComposerInstalled\ccs\tools\compiler\ti-cgt-arm_20.2.5.LTS\lib\</path>
         <kind>archive</kind>
         <file>rtsv7M4_T_le_v4SPD16_eabi.lib</file>
         <name>open.c.obj</name>
      </input_file>
      <input_file id="fl-f2">
         <path>D:\UCB\codeComposerInstalled\ccs\tools\compiler\ti-cgt-arm_20.2.5.LTS\lib\</path>
         <kind>archive</kind>
         <file>rtsv7M4_T_le_v4SPD16_eabi.lib</file>
         <name>lseek.c.obj</name>
      </input_file>
      <input_file id="fl-f3">
         <path>D:\UCB\codeComposerInstalled\ccs\tools\compiler\ti-cgt-arm_20.2.5.LTS\lib\</path>
         <kind>archive</kind>
         <file>rtsv7M4_T_le_v4SPD16_eabi.lib</file>
         <name>fclose.c.obj</name>
      </input_file>
      <input_file id="fl-f4">
         <path>D:\UCB\codeComposerInstalled\ccs\tools\compiler\ti-cgt-arm_20.2.5.LTS\lib\</path>
         <kind>archive</kind>
         <file>rtsv7M4_T_le_v4SPD16_eabi.lib</file>
         <name>getdevice.c.obj</name>
      </input_file>
      <input_file id="fl-f5">
         <path>D:\UCB\codeComposerInstalled\ccs\tools\compiler\ti-cgt-arm_20.2.5.LTS\lib\</path>
         <kind>archive</kind>
         <file>rtsv7M4_T_le_v4SPD16_eabi.lib</file>
         <name>s_copysign.c.obj</name>
      </input_file>
      <input_file id="fl-f6">
         <path>D:\UCB\codeComposerInstalled\ccs\tools\compiler\ti-cgt-arm_20.2.5.LTS\lib\</path>
         <kind>archive</kind>
         <file>rtsv7M4_T_le_v4SPD16_eabi.lib</file>
         <name>div0.asm.obj</name>
      </input_file>
      <input_file id="fl-f7">
         <path>D:\UCB\codeComposerInstalled\ccs\tools\compiler\ti-cgt-arm_20.2.5.LTS\lib\</path>
         <kind>archive</kind>
         <file>rtsv7M4_T_le_v4SPD16_eabi.lib</file>
         <name>strncpy.c.obj</name>
      </input_file>
      <input_file id="fl-f8">
         <path>D:\UCB\codeComposerInstalled\ccs\tools\compiler\ti-cgt-arm_20.2.5.LTS\lib\</path>
         <kind>archive</kind>
         <file>rtsv7M4_T_le_v4SPD16_eabi.lib</file>
         <name>hostclose.c.obj</name>
      </input_file>
      <input_file id="fl-f9">
         <path>D:\UCB\codeComposerInstalled\ccs\tools\compiler\ti-cgt-arm_20.2.5.LTS\lib\</path>
         <kind>archive</kind>
         <file>rtsv7M4_T_le_v4SPD16_eabi.lib</file>
         <name>hostlseek.c.obj</name>
      </input_file>
      <input_file id="fl-fa">
         <path>D:\UCB\codeComposerInstalled\ccs\tools\compiler\ti-cgt-arm_20.2.5.LTS\lib\</path>
         <kind>archive</kind>
         <file>rtsv7M4_T_le_v4SPD16_eabi.lib</file>
         <name>hostopen.c.obj</name>
      </input_file>
      <input_file id="fl-fb">
         <path>D:\UCB\codeComposerInstalled\ccs\tools\compiler\ti-cgt-arm_20.2.5.LTS\lib\</path>
         <kind>archive</kind>
         <file>rtsv7M4_T_le_v4SPD16_eabi.lib</file>
         <name>hostread.c.obj</name>
      </input_file>
      <input_file id="fl-fc">
         <path>D:\UCB\codeComposerInstalled\ccs\tools\compiler\ti-cgt-arm_20.2.5.LTS\lib\</path>
         <kind>archive</kind>
         <file>rtsv7M4_T_le_v4SPD16_eabi.lib</file>
         <name>hostrename.c.obj</name>
      </input_file>
      <input_file id="fl-fd">
         <path>D:\UCB\codeComposerInstalled\ccs\tools\compiler\ti-cgt-arm_20.2.5.LTS\lib\</path>
         <kind>archive</kind>
         <file>rtsv7M4_T_le_v4SPD16_eabi.lib</file>
         <name>hostunlink.c.obj</name>
      </input_file>
      <input_file id="fl-fe">
         <path>D:\UCB\codeComposerInstalled\ccs\tools\compiler\ti-cgt-arm_20.2.5.LTS\lib\</path>
         <kind>archive</kind>
         <file>rtsv7M4_T_le_v4SPD16_eabi.lib</file>
         <name>hostwrite.c.obj</name>
      </input_file>
      <input_file id="fl-ff">
         <path>D:\UCB\codeComposerInstalled\ccs\tools\compiler\ti-cgt-arm_20.2.5.LTS\lib\</path>
         <kind>archive</kind>
         <file>rtsv7M4_T_le_v4SPD16_eabi.lib</file>
         <name>trgmsg.c.obj</name>
      </input_file>
      <input_file id="fl-100">
         <path>D:\UCB\codeComposerInstalled\ccs\tools\compiler\ti-cgt-arm_20.2.5.LTS\lib\</path>
         <kind>archive</kind>
         <file>rtsv7M4_T_le_v4SPD16_eabi.lib</file>
         <name>remove.c.obj</name>
      </input_file>
      <input_file id="fl-101">
         <path>D:\UCB\codeComposerInstalled\ccs\tools\compiler\ti-cgt-arm_20.2.5.LTS\lib\</path>
         <kind>archive</kind>
         <file>rtsv7M4_T_le_v4SPD16_eabi.lib</file>
         <name>close.c.obj</name>
      </input_file>
      <input_file id="fl-102">
         <path>D:\UCB\codeComposerInstalled\ccs\tools\compiler\ti-cgt-arm_20.2.5.LTS\lib\</path>
         <kind>archive</kind>
         <file>rtsv7M4_T_le_v4SPD16_eabi.lib</file>
         <name>strcpy.c.obj</name>
      </input_file>
      <input_file id="fl-103">
         <path>D:\UCB\codeComposerInstalled\ccs\tools\compiler\ti-cgt-arm_20.2.5.LTS\lib\</path>
         <kind>archive</kind>
         <file>rtsv7M4_T_le_v4SPD16_eabi.lib</file>
         <name>unlink.c.obj</name>
      </input_file>
   </input_file_list>
   <object_component_list>
      <object_component id="oc-26">
         <name>.intvecs:retain</name>
         <load_address>0x0</load_address>
         <run_address>0x0</run_address>
         <size>0xe4</size>
         <input_file_ref idref="fl-8"/>
      </object_component>
      <object_component id="oc-1a6">
         <name>.text:__TI_printfi</name>
         <load_address>0xe4</load_address>
         <run_address>0xe4</run_address>
         <size>0xa4e</size>
         <input_file_ref idref="fl-d5"/>
      </object_component>
      <object_component id="oc-1de">
         <name>.text:_nop</name>
         <load_address>0xb32</load_address>
         <run_address>0xb32</run_address>
         <size>0x2</size>
         <input_file_ref idref="fl-ce"/>
      </object_component>
      <object_component id="oc-ea">
         <name>.text</name>
         <load_address>0xb34</load_address>
         <run_address>0xb34</run_address>
         <size>0x4a0</size>
         <input_file_ref idref="fl-3"/>
      </object_component>
      <object_component id="oc-b2">
         <name>.text</name>
         <load_address>0xfd4</load_address>
         <run_address>0xfd4</run_address>
         <size>0x334</size>
         <input_file_ref idref="fl-9"/>
      </object_component>
      <object_component id="oc-228">
         <name>.text:_pconv_a</name>
         <load_address>0x1308</load_address>
         <run_address>0x1308</run_address>
         <size>0x270</size>
         <input_file_ref idref="fl-d5"/>
      </object_component>
      <object_component id="oc-216">
         <name>.text:_pconv_g</name>
         <load_address>0x1578</load_address>
         <run_address>0x1578</run_address>
         <size>0x1d0</size>
         <input_file_ref idref="fl-d5"/>
      </object_component>
      <object_component id="oc-de">
         <name>.text</name>
         <load_address>0x1748</load_address>
         <run_address>0x1748</run_address>
         <size>0x1bc</size>
         <input_file_ref idref="fl-6"/>
      </object_component>
      <object_component id="oc-2b2">
         <name>.text</name>
         <load_address>0x1904</load_address>
         <run_address>0x1904</run_address>
         <size>0x1b6</size>
         <input_file_ref idref="fl-dc"/>
      </object_component>
      <object_component id="oc-327">
         <name>.text</name>
         <load_address>0x1aba</load_address>
         <run_address>0x1aba</run_address>
         <size>0x2</size>
         <input_file_ref idref="fl-f6"/>
      </object_component>
      <object_component id="oc-1c3">
         <name>.text:_dofgets</name>
         <load_address>0x1abc</load_address>
         <run_address>0x1abc</run_address>
         <size>0x13c</size>
         <input_file_ref idref="fl-c5"/>
      </object_component>
      <object_component id="oc-222">
         <name>.text:_pconv_e</name>
         <load_address>0x1bf8</load_address>
         <run_address>0x1bf8</run_address>
         <size>0x13c</size>
         <input_file_ref idref="fl-d5"/>
      </object_component>
      <object_component id="oc-298">
         <name>.text</name>
         <load_address>0x1d34</load_address>
         <run_address>0x1d34</run_address>
         <size>0x136</size>
         <input_file_ref idref="fl-de"/>
      </object_component>
      <object_component id="oc-153">
         <name>.text</name>
         <load_address>0x1e6a</load_address>
         <run_address>0x1e6a</run_address>
         <size>0x132</size>
         <input_file_ref idref="fl-4"/>
      </object_component>
      <object_component id="oc-2c4">
         <name>.text:fcvt</name>
         <load_address>0x1f9c</load_address>
         <run_address>0x1f9c</run_address>
         <size>0x124</size>
         <input_file_ref idref="fl-d5"/>
      </object_component>
      <object_component id="oc-2d8">
         <name>.text:scalbn</name>
         <load_address>0x20c0</load_address>
         <run_address>0x20c0</run_address>
         <size>0x110</size>
         <input_file_ref idref="fl-da"/>
      </object_component>
      <object_component id="oc-3b5">
         <name>.text:aligned_alloc</name>
         <load_address>0x21d0</load_address>
         <run_address>0x21d0</run_address>
         <size>0x100</size>
         <input_file_ref idref="fl-d1"/>
      </object_component>
      <object_component id="oc-293">
         <name>.text</name>
         <load_address>0x22d0</load_address>
         <run_address>0x22d0</run_address>
         <size>0xfc</size>
         <input_file_ref idref="fl-df"/>
      </object_component>
      <object_component id="oc-70">
         <name>.text</name>
         <load_address>0x23cc</load_address>
         <run_address>0x23cc</run_address>
         <size>0xe8</size>
         <input_file_ref idref="fl-a"/>
      </object_component>
      <object_component id="oc-35c">
         <name>.text:free</name>
         <load_address>0x24b4</load_address>
         <run_address>0x24b4</run_address>
         <size>0xe4</size>
         <input_file_ref idref="fl-d1"/>
      </object_component>
      <object_component id="oc-304">
         <name>.text:setvbuf</name>
         <load_address>0x2598</load_address>
         <run_address>0x2598</run_address>
         <size>0xdc</size>
         <input_file_ref idref="fl-c8"/>
      </object_component>
      <object_component id="oc-20b">
         <name>.text:_ltostr</name>
         <load_address>0x2674</load_address>
         <run_address>0x2674</run_address>
         <size>0xb1</size>
         <input_file_ref idref="fl-d5"/>
      </object_component>
      <object_component id="oc-25e">
         <name>.text:__TI_buff_read</name>
         <load_address>0x2728</load_address>
         <run_address>0x2728</run_address>
         <size>0x9c</size>
         <input_file_ref idref="fl-c6"/>
      </object_component>
      <object_component id="oc-3a">
         <name>.text</name>
         <load_address>0x27c4</load_address>
         <run_address>0x27c4</run_address>
         <size>0x9c</size>
         <input_file_ref idref="fl-c9"/>
      </object_component>
      <object_component id="oc-28c">
         <name>.text</name>
         <load_address>0x2860</load_address>
         <run_address>0x2860</run_address>
         <size>0x96</size>
         <input_file_ref idref="fl-e2"/>
      </object_component>
      <object_component id="oc-e4">
         <name>.text</name>
         <load_address>0x28f8</load_address>
         <run_address>0x28f8</run_address>
         <size>0x88</size>
         <input_file_ref idref="fl-2"/>
      </object_component>
      <object_component id="oc-211">
         <name>.text:__aeabi_cdcmple</name>
         <load_address>0x2980</load_address>
         <run_address>0x2980</run_address>
         <size>0x86</size>
         <input_file_ref idref="fl-dd"/>
      </object_component>
      <object_component id="oc-29d">
         <name>.text:__aeabi_cdrcmple</name>
         <load_address>0x2a06</load_address>
         <run_address>0x2a06</run_address>
         <size>0x86</size>
         <input_file_ref idref="fl-dd"/>
      </object_component>
      <object_component id="oc-94">
         <name>.text</name>
         <load_address>0x2a8c</load_address>
         <run_address>0x2a8c</run_address>
         <size>0x7a</size>
         <input_file_ref idref="fl-e3"/>
      </object_component>
      <object_component id="oc-3bc">
         <name>.text:__TI_closefile</name>
         <load_address>0x2b08</load_address>
         <run_address>0x2b08</run_address>
         <size>0x74</size>
         <input_file_ref idref="fl-f3"/>
      </object_component>
      <object_component id="oc-3fc">
         <name>.text:split</name>
         <load_address>0x2b7c</load_address>
         <run_address>0x2b7c</run_address>
         <size>0x70</size>
         <input_file_ref idref="fl-d1"/>
      </object_component>
      <object_component id="oc-2bd">
         <name>.text:_mcpy</name>
         <load_address>0x2bec</load_address>
         <run_address>0x2bec</run_address>
         <size>0x6e</size>
         <input_file_ref idref="fl-d5"/>
      </object_component>
      <object_component id="oc-3ed">
         <name>.text:HOSTrename</name>
         <load_address>0x2c5c</load_address>
         <run_address>0x2c5c</run_address>
         <size>0x6c</size>
         <input_file_ref idref="fl-fc"/>
      </object_component>
      <object_component id="oc-3e1">
         <name>.text:HOSTlseek</name>
         <load_address>0x2cc8</load_address>
         <run_address>0x2cc8</run_address>
         <size>0x68</size>
         <input_file_ref idref="fl-f9"/>
      </object_component>
      <object_component id="oc-17">
         <name>.text:decompress:lzss:__TI_decompress_lzss</name>
         <load_address>0x2d30</load_address>
         <run_address>0x2d30</run_address>
         <size>0x68</size>
         <input_file_ref idref="fl-cc"/>
      </object_component>
      <object_component id="oc-2d2">
         <name>.text:frexp</name>
         <load_address>0x2d98</load_address>
         <run_address>0x2d98</run_address>
         <size>0x64</size>
         <input_file_ref idref="fl-d9"/>
      </object_component>
      <object_component id="oc-3c9">
         <name>.text:HOSTopen</name>
         <load_address>0x2dfc</load_address>
         <run_address>0x2dfc</run_address>
         <size>0x60</size>
         <input_file_ref idref="fl-fa"/>
      </object_component>
      <object_component id="oc-403">
         <name>.text:close</name>
         <load_address>0x2e5c</load_address>
         <run_address>0x2e5c</run_address>
         <size>0x5c</size>
         <input_file_ref idref="fl-101"/>
      </object_component>
      <object_component id="oc-3d5">
         <name>.text:HOSTread</name>
         <load_address>0x2eb8</load_address>
         <run_address>0x2eb8</run_address>
         <size>0x58</size>
         <input_file_ref idref="fl-fb"/>
      </object_component>
      <object_component id="oc-3db">
         <name>.text:HOSTwrite</name>
         <load_address>0x2f10</load_address>
         <run_address>0x2f10</run_address>
         <size>0x58</size>
         <input_file_ref idref="fl-fe"/>
      </object_component>
      <object_component id="oc-21c">
         <name>.text:_pconv_f</name>
         <load_address>0x2f68</load_address>
         <run_address>0x2f68</run_address>
         <size>0x56</size>
         <input_file_ref idref="fl-d5"/>
      </object_component>
      <object_component id="oc-2a7">
         <name>.text:__TI_ltoa</name>
         <load_address>0x2fbe</load_address>
         <run_address>0x2fbe</run_address>
         <size>0x54</size>
         <input_file_ref idref="fl-e7"/>
      </object_component>
      <object_component id="oc-2b7">
         <name>.text:_ecpy</name>
         <load_address>0x3012</load_address>
         <run_address>0x3012</run_address>
         <size>0x52</size>
         <input_file_ref idref="fl-d5"/>
      </object_component>
      <object_component id="oc-30e">
         <name>.text:__TI_doflush</name>
         <load_address>0x3064</load_address>
         <run_address>0x3064</run_address>
         <size>0x4c</size>
         <input_file_ref idref="fl-d6"/>
      </object_component>
      <object_component id="oc-205">
         <name>.text:atoi</name>
         <load_address>0x30b0</load_address>
         <run_address>0x30b0</run_address>
         <size>0x4c</size>
         <input_file_ref idref="fl-e9"/>
      </object_component>
      <object_component id="oc-252">
         <name>.text:__TI_rd_ok</name>
         <load_address>0x30fc</load_address>
         <run_address>0x30fc</run_address>
         <size>0x4a</size>
         <input_file_ref idref="fl-c7"/>
      </object_component>
      <object_component id="oc-f7">
         <name>.text:exit</name>
         <load_address>0x3148</load_address>
         <run_address>0x3148</run_address>
         <size>0x48</size>
         <input_file_ref idref="fl-cd"/>
      </object_component>
      <object_component id="oc-2a2">
         <name>.text</name>
         <load_address>0x3190</load_address>
         <run_address>0x3190</run_address>
         <size>0x48</size>
         <input_file_ref idref="fl-e0"/>
      </object_component>
      <object_component id="oc-3cf">
         <name>.text:HOSTclose</name>
         <load_address>0x31d8</load_address>
         <run_address>0x31d8</run_address>
         <size>0x44</size>
         <input_file_ref idref="fl-f8"/>
      </object_component>
      <object_component id="oc-3e7">
         <name>.text:HOSTunlink</name>
         <load_address>0x321c</load_address>
         <run_address>0x321c</run_address>
         <size>0x44</size>
         <input_file_ref idref="fl-fd"/>
      </object_component>
      <object_component id="oc-fd">
         <name>.text:__TI_auto_init_nobinit_nopinit:__TI_auto_init_nobinit_nopinit</name>
         <load_address>0x3260</load_address>
         <run_address>0x3260</run_address>
         <size>0x44</size>
         <input_file_ref idref="fl-e4"/>
      </object_component>
      <object_component id="oc-43b">
         <name>.text:getdevice</name>
         <load_address>0x32a4</load_address>
         <run_address>0x32a4</run_address>
         <size>0x44</size>
         <input_file_ref idref="fl-f4"/>
      </object_component>
      <object_component id="oc-159">
         <name>.text:sprintf</name>
         <load_address>0x32e8</load_address>
         <run_address>0x32e8</run_address>
         <size>0x40</size>
         <input_file_ref idref="fl-c4"/>
      </object_component>
      <object_component id="oc-2ca">
         <name>.text:_fcpy</name>
         <load_address>0x3328</load_address>
         <run_address>0x3328</run_address>
         <size>0x3e</size>
         <input_file_ref idref="fl-d5"/>
      </object_component>
      <object_component id="oc-414">
         <name>.text:__TI_writemsg</name>
         <load_address>0x3368</load_address>
         <run_address>0x3368</run_address>
         <size>0x38</size>
         <input_file_ref idref="fl-ff"/>
      </object_component>
      <object_component id="oc-45d">
         <name>.text:strncpy</name>
         <load_address>0x33a0</load_address>
         <run_address>0x33a0</run_address>
         <size>0x36</size>
         <input_file_ref idref="fl-f7"/>
      </object_component>
      <object_component id="oc-368">
         <name>.text:__TI_cleanup</name>
         <load_address>0x33d8</load_address>
         <run_address>0x33d8</run_address>
         <size>0x34</size>
         <input_file_ref idref="fl-d7"/>
      </object_component>
      <object_component id="oc-41a">
         <name>.text:__TI_readmsg</name>
         <load_address>0x340c</load_address>
         <run_address>0x340c</run_address>
         <size>0x34</size>
         <input_file_ref idref="fl-ff"/>
      </object_component>
      <object_component id="oc-58">
         <name>.text:_c_int00_noargs:_c_int00_noargs</name>
         <load_address>0x3440</load_address>
         <run_address>0x3440</run_address>
         <size>0x34</size>
         <input_file_ref idref="fl-d3"/>
      </object_component>
      <object_component id="oc-463">
         <name>.text:finddevice</name>
         <load_address>0x3474</load_address>
         <run_address>0x3474</run_address>
         <size>0x30</size>
         <input_file_ref idref="fl-f4"/>
      </object_component>
      <object_component id="oc-2ad">
         <name>.text</name>
         <load_address>0x34a4</load_address>
         <run_address>0x34a4</run_address>
         <size>0x2e</size>
         <input_file_ref idref="fl-e1"/>
      </object_component>
      <object_component id="oc-409">
         <name>.text:unlink</name>
         <load_address>0x34d4</load_address>
         <run_address>0x34d4</run_address>
         <size>0x2c</size>
         <input_file_ref idref="fl-103"/>
      </object_component>
      <object_component id="oc-3ae">
         <name>.text:free_list_insert</name>
         <load_address>0x3500</load_address>
         <run_address>0x3500</run_address>
         <size>0x28</size>
         <input_file_ref idref="fl-d1"/>
      </object_component>
      <object_component id="oc-264">
         <name>.text:read</name>
         <load_address>0x3528</load_address>
         <run_address>0x3528</run_address>
         <size>0x28</size>
         <input_file_ref idref="fl-d4"/>
      </object_component>
      <object_component id="oc-379">
         <name>.text:write</name>
         <load_address>0x3550</load_address>
         <run_address>0x3550</run_address>
         <size>0x28</size>
         <input_file_ref idref="fl-ef"/>
      </object_component>
      <object_component id="oc-14a">
         <name>.text</name>
         <load_address>0x3578</load_address>
         <run_address>0x3578</run_address>
         <size>0x26</size>
         <input_file_ref idref="fl-5"/>
      </object_component>
      <object_component id="oc-258">
         <name>.text:memchr</name>
         <load_address>0x359e</load_address>
         <run_address>0x359e</run_address>
         <size>0x20</size>
         <input_file_ref idref="fl-d0"/>
      </object_component>
      <object_component id="oc-3a8">
         <name>.text:free_list_remove</name>
         <load_address>0x35c0</load_address>
         <run_address>0x35c0</run_address>
         <size>0x1c</size>
         <input_file_ref idref="fl-d1"/>
      </object_component>
      <object_component id="oc-22e">
         <name>.text:memccpy</name>
         <load_address>0x35dc</load_address>
         <run_address>0x35dc</run_address>
         <size>0x1c</size>
         <input_file_ref idref="fl-eb"/>
      </object_component>
      <object_component id="oc-340">
         <name>.text:copysign</name>
         <load_address>0x35f8</load_address>
         <run_address>0x35f8</run_address>
         <size>0x1a</size>
         <input_file_ref idref="fl-f5"/>
      </object_component>
      <object_component id="oc-1ac">
         <name>.text:_outs</name>
         <load_address>0x3612</load_address>
         <run_address>0x3612</run_address>
         <size>0x18</size>
         <input_file_ref idref="fl-c4"/>
      </object_component>
      <object_component id="oc-a0">
         <name>.text</name>
         <load_address>0x362a</load_address>
         <run_address>0x362a</run_address>
         <size>0x18</size>
         <input_file_ref idref="fl-7"/>
      </object_component>
      <object_component id="oc-15f">
         <name>.text:strcmp</name>
         <load_address>0x3642</load_address>
         <run_address>0x3642</run_address>
         <size>0x18</size>
         <input_file_ref idref="fl-d2"/>
      </object_component>
      <object_component id="oc-2de">
         <name>.text:strchr</name>
         <load_address>0x365a</load_address>
         <run_address>0x365a</run_address>
         <size>0x16</size>
         <input_file_ref idref="fl-ec"/>
      </object_component>
      <object_component id="oc-42e">
         <name>.text:strcpy</name>
         <load_address>0x3670</load_address>
         <run_address>0x3670</run_address>
         <size>0x14</size>
         <input_file_ref idref="fl-102"/>
      </object_component>
      <object_component id="oc-1ff">
         <name>.text:strlen</name>
         <load_address>0x3684</load_address>
         <run_address>0x3684</run_address>
         <size>0x14</size>
         <input_file_ref idref="fl-ed"/>
      </object_component>
      <object_component id="oc-234">
         <name>.text:wcslen</name>
         <load_address>0x3698</load_address>
         <run_address>0x3698</run_address>
         <size>0x12</size>
         <input_file_ref idref="fl-db"/>
      </object_component>
      <object_component id="oc-168">
         <name>.text:gets</name>
         <load_address>0x36ac</load_address>
         <run_address>0x36ac</run_address>
         <size>0x10</size>
         <input_file_ref idref="fl-c5"/>
      </object_component>
      <object_component id="oc-1d">
         <name>.text:decompress:none:__TI_decompress_none</name>
         <load_address>0x36bc</load_address>
         <run_address>0x36bc</run_address>
         <size>0xe</size>
         <input_file_ref idref="fl-cb"/>
      </object_component>
      <object_component id="oc-6a">
         <name>.text</name>
         <load_address>0x36ca</load_address>
         <run_address>0x36ca</run_address>
         <size>0xe</size>
         <input_file_ref idref="fl-8"/>
      </object_component>
      <object_component id="oc-4c">
         <name>.text:decompress:ZI:__TI_zero_init</name>
         <load_address>0x36d8</load_address>
         <run_address>0x36d8</run_address>
         <size>0xc</size>
         <input_file_ref idref="fl-ca"/>
      </object_component>
      <object_component id="oc-1b2">
         <name>.text:_outc</name>
         <load_address>0x36e4</load_address>
         <run_address>0x36e4</run_address>
         <size>0xa</size>
         <input_file_ref idref="fl-c4"/>
      </object_component>
      <object_component id="oc-23a">
         <name>.text:__aeabi_errno_addr</name>
         <load_address>0x36f0</load_address>
         <run_address>0x36f0</run_address>
         <size>0x8</size>
         <input_file_ref idref="fl-ee"/>
      </object_component>
      <object_component id="oc-362">
         <name>.text:malloc</name>
         <load_address>0x36f8</load_address>
         <run_address>0x36f8</run_address>
         <size>0x8</size>
         <input_file_ref idref="fl-d1"/>
      </object_component>
      <object_component id="oc-9a">
         <name>.text:_system_pre_init</name>
         <load_address>0x3700</load_address>
         <run_address>0x3700</run_address>
         <size>0x4</size>
         <input_file_ref idref="fl-e5"/>
      </object_component>
      <object_component id="oc-f1">
         <name>.text:abort:abort</name>
         <load_address>0x3704</load_address>
         <run_address>0x3704</run_address>
         <size>0x4</size>
         <input_file_ref idref="fl-cd"/>
      </object_component>
      <object_component id="oc-287">
         <name>.const:.string:_ctypes_</name>
         <load_address>0x3708</load_address>
         <run_address>0x3708</run_address>
         <size>0x101</size>
         <input_file_ref idref="fl-ea"/>
      </object_component>
      <object_component id="oc-16e">
         <name>.const:.string:$P$T0$1</name>
         <load_address>0x3809</load_address>
         <run_address>0x3809</run_address>
         <size>0x14</size>
         <input_file_ref idref="fl-3"/>
      </object_component>
      <object_component id="oc-4b0">
         <name>.cinit..data.load</name>
         <load_address>0x3820</load_address>
         <run_address>0x3820</run_address>
         <size>0x71</size>
      </object_component>
      <object_component id="oc-4ae">
         <name>__TI_handler_table</name>
         <load_address>0x3894</load_address>
         <run_address>0x3894</run_address>
         <size>0xc</size>
      </object_component>
      <object_component id="oc-4b1">
         <name>.cinit..bss.load</name>
         <load_address>0x38a0</load_address>
         <run_address>0x38a0</run_address>
         <size>0x8</size>
      </object_component>
      <object_component id="oc-4af">
         <name>__TI_cinit_table</name>
         <load_address>0x38a8</load_address>
         <run_address>0x38a8</run_address>
         <size>0x10</size>
      </object_component>
      <object_component id="oc-482">
         <name>.binit</name>
         <load_address>0x0</load_address>
         <run_address>0x0</run_address>
         <size>0x0</size>
      </object_component>
      <object_component id="oc-12f">
         <name>.data</name>
         <load_address>0x20000fb0</load_address>
         <run_address>0x20000fb0</run_address>
         <size>0x4</size>
         <input_file_ref idref="fl-9"/>
      </object_component>
      <object_component id="oc-174">
         <name>.data:$O1$$</name>
         <load_address>0x20000f90</load_address>
         <run_address>0x20000f90</run_address>
         <size>0xc</size>
         <input_file_ref idref="fl-cd"/>
      </object_component>
      <object_component id="oc-177">
         <name>.data:$O1$$</name>
         <load_address>0x20000f9c</load_address>
         <run_address>0x20000f9c</run_address>
         <size>0x8</size>
         <input_file_ref idref="fl-ce"/>
      </object_component>
      <object_component id="oc-1c9">
         <name>.data:_ftable</name>
         <load_address>0x20000dc8</load_address>
         <run_address>0x20000dc8</run_address>
         <size>0xf0</size>
         <input_file_ref idref="fl-cf"/>
      </object_component>
      <object_component id="oc-314">
         <name>.data</name>
         <load_address>0x20000f80</load_address>
         <run_address>0x20000f80</run_address>
         <size>0x10</size>
         <input_file_ref idref="fl-cf"/>
      </object_component>
      <object_component id="oc-3f7">
         <name>.data:$O1$$</name>
         <load_address>0x20000fa4</load_address>
         <run_address>0x20000fa4</run_address>
         <size>0x8</size>
         <input_file_ref idref="fl-d1"/>
      </object_component>
      <object_component id="oc-2ee">
         <name>.data</name>
         <load_address>0x20000fac</load_address>
         <run_address>0x20000fac</run_address>
         <size>0x4</size>
         <input_file_ref idref="fl-ee"/>
      </object_component>
      <object_component id="oc-385">
         <name>.data:_device</name>
         <load_address>0x20000eb8</load_address>
         <run_address>0x20000eb8</run_address>
         <size>0x78</size>
         <input_file_ref idref="fl-f0"/>
      </object_component>
      <object_component id="oc-319">
         <name>.data:_stream</name>
         <load_address>0x20000f30</load_address>
         <run_address>0x20000f30</run_address>
         <size>0x50</size>
         <input_file_ref idref="fl-f0"/>
      </object_component>
      <object_component id="oc-165">
         <name>.bss:buffer</name>
         <uninitialized>true</uninitialized>
         <run_address>0x20000000</run_address>
         <size>0x800</size>
         <input_file_ref idref="fl-3"/>
      </object_component>
      <object_component id="oc-445">
         <name>.bss:_CIOBUF_</name>
         <uninitialized>true</uninitialized>
         <run_address>0x20000800</run_address>
         <size>0x120</size>
         <input_file_ref idref="fl-ff"/>
      </object_component>
      <object_component id="oc-40f">
         <name>.common:__TI_tmpnams</name>
         <uninitialized>true</uninitialized>
         <run_address>0x20000920</run_address>
         <size>0xa0</size>
      </object_component>
      <object_component id="oc-420">
         <name>.common:parmbuf</name>
         <uninitialized>true</uninitialized>
         <run_address>0x200009c0</run_address>
         <size>0x8</size>
      </object_component>
      <object_component id="oc-29">
         <name>.sysmem</name>
         <uninitialized>true</uninitialized>
         <run_address>0x200009c8</run_address>
         <size>0x10</size>
         <input_file_ref idref="fl-d1"/>
      </object_component>
      <object_component id="oc-4b4">
         <name>.sysmem</name>
         <uninitialized>true</uninitialized>
         <run_address>0x200009c8</run_address>
         <size>0x0</size>
      </object_component>
      <object_component id="oc-2c">
         <name>.stack</name>
         <uninitialized>true</uninitialized>
         <run_address>0x2000fe00</run_address>
         <size>0x4</size>
         <input_file_ref idref="fl-d3"/>
      </object_component>
      <object_component id="oc-4b3">
         <name>.stack</name>
         <uninitialized>true</uninitialized>
         <run_address>0x2000fe00</run_address>
         <size>0x0</size>
      </object_component>
      <object_component id="oc-149">
         <name>.debug_info</name>
         <load_address>0x0</load_address>
         <run_address>0x0</run_address>
         <size>0x527</size>
         <input_file_ref idref="fl-2"/>
      </object_component>
      <object_component id="oc-e8">
         <name>.debug_info</name>
         <load_address>0x527</load_address>
         <run_address>0x527</run_address>
         <size>0xf8</size>
         <input_file_ref idref="fl-2"/>
      </object_component>
      <object_component id="oc-13a">
         <name>.debug_info</name>
         <load_address>0x61f</load_address>
         <run_address>0x61f</run_address>
         <size>0x37e2</size>
         <input_file_ref idref="fl-2"/>
      </object_component>
      <object_component id="oc-bd">
         <name>.debug_info</name>
         <load_address>0x3e01</load_address>
         <run_address>0x3e01</run_address>
         <size>0x26b</size>
         <input_file_ref idref="fl-2"/>
      </object_component>
      <object_component id="oc-13f">
         <name>.debug_info</name>
         <load_address>0x406c</load_address>
         <run_address>0x406c</run_address>
         <size>0x1055</size>
         <input_file_ref idref="fl-2"/>
      </object_component>
      <object_component id="oc-35">
         <name>.debug_info</name>
         <load_address>0x50c1</load_address>
         <run_address>0x50c1</run_address>
         <size>0x84</size>
         <input_file_ref idref="fl-2"/>
      </object_component>
      <object_component id="oc-144">
         <name>.debug_info</name>
         <load_address>0x5145</load_address>
         <run_address>0x5145</run_address>
         <size>0x2a4</size>
         <input_file_ref idref="fl-2"/>
      </object_component>
      <object_component id="oc-133">
         <name>.debug_info</name>
         <load_address>0x53e9</load_address>
         <run_address>0x53e9</run_address>
         <size>0xbb</size>
         <input_file_ref idref="fl-2"/>
      </object_component>
      <object_component id="oc-172">
         <name>.debug_info</name>
         <load_address>0x54a4</load_address>
         <run_address>0x54a4</run_address>
         <size>0x6d6</size>
         <input_file_ref idref="fl-3"/>
      </object_component>
      <object_component id="oc-166">
         <name>.debug_info</name>
         <load_address>0x5b7a</load_address>
         <run_address>0x5b7a</run_address>
         <size>0xcb</size>
         <input_file_ref idref="fl-3"/>
      </object_component>
      <object_component id="oc-16f">
         <name>.debug_info</name>
         <load_address>0x5c45</load_address>
         <run_address>0x5c45</run_address>
         <size>0xcd</size>
         <input_file_ref idref="fl-3"/>
      </object_component>
      <object_component id="oc-eb">
         <name>.debug_info</name>
         <load_address>0x5d12</load_address>
         <run_address>0x5d12</run_address>
         <size>0x68d</size>
         <input_file_ref idref="fl-3"/>
      </object_component>
      <object_component id="oc-1a1">
         <name>.debug_info</name>
         <load_address>0x639f</load_address>
         <run_address>0x639f</run_address>
         <size>0x63</size>
         <input_file_ref idref="fl-3"/>
      </object_component>
      <object_component id="oc-1d2">
         <name>.debug_info</name>
         <load_address>0x6402</load_address>
         <run_address>0x6402</run_address>
         <size>0x37e2</size>
         <input_file_ref idref="fl-3"/>
      </object_component>
      <object_component id="oc-1ba">
         <name>.debug_info</name>
         <load_address>0x9be4</load_address>
         <run_address>0x9be4</run_address>
         <size>0x2c</size>
         <input_file_ref idref="fl-3"/>
      </object_component>
      <object_component id="oc-1d7">
         <name>.debug_info</name>
         <load_address>0x9c10</load_address>
         <run_address>0x9c10</run_address>
         <size>0x35</size>
         <input_file_ref idref="fl-3"/>
      </object_component>
      <object_component id="oc-1a0">
         <name>.debug_info</name>
         <load_address>0x9c45</load_address>
         <run_address>0x9c45</run_address>
         <size>0x267</size>
         <input_file_ref idref="fl-4"/>
      </object_component>
      <object_component id="oc-154">
         <name>.debug_info</name>
         <load_address>0x9eac</load_address>
         <run_address>0x9eac</run_address>
         <size>0x25b</size>
         <input_file_ref idref="fl-4"/>
      </object_component>
      <object_component id="oc-19b">
         <name>.debug_info</name>
         <load_address>0xa107</load_address>
         <run_address>0xa107</run_address>
         <size>0x8b</size>
         <input_file_ref idref="fl-4"/>
      </object_component>
      <object_component id="oc-14c">
         <name>.debug_info</name>
         <load_address>0xa192</load_address>
         <run_address>0xa192</run_address>
         <size>0x129</size>
         <input_file_ref idref="fl-5"/>
      </object_component>
      <object_component id="oc-151">
         <name>.debug_info</name>
         <load_address>0xa2bb</load_address>
         <run_address>0xa2bb</run_address>
         <size>0x553</size>
         <input_file_ref idref="fl-6"/>
      </object_component>
      <object_component id="oc-df">
         <name>.debug_info</name>
         <load_address>0xa80e</load_address>
         <run_address>0xa80e</run_address>
         <size>0x584</size>
         <input_file_ref idref="fl-6"/>
      </object_component>
      <object_component id="oc-a2">
         <name>.debug_info</name>
         <load_address>0xad92</load_address>
         <run_address>0xad92</run_address>
         <size>0x156</size>
         <input_file_ref idref="fl-7"/>
      </object_component>
      <object_component id="oc-78">
         <name>.debug_info</name>
         <load_address>0xaee8</load_address>
         <run_address>0xaee8</run_address>
         <size>0x2c8</size>
         <input_file_ref idref="fl-8"/>
      </object_component>
      <object_component id="oc-27">
         <name>.debug_info</name>
         <load_address>0xb1b0</load_address>
         <run_address>0xb1b0</run_address>
         <size>0xf4</size>
         <input_file_ref idref="fl-8"/>
      </object_component>
      <object_component id="oc-6b">
         <name>.debug_info</name>
         <load_address>0xb2a4</load_address>
         <run_address>0xb2a4</run_address>
         <size>0x1bb</size>
         <input_file_ref idref="fl-8"/>
      </object_component>
      <object_component id="oc-130">
         <name>.debug_info</name>
         <load_address>0xb45f</load_address>
         <run_address>0xb45f</run_address>
         <size>0xed</size>
         <input_file_ref idref="fl-9"/>
      </object_component>
      <object_component id="oc-b4">
         <name>.debug_info</name>
         <load_address>0xb54c</load_address>
         <run_address>0xb54c</run_address>
         <size>0x25f</size>
         <input_file_ref idref="fl-9"/>
      </object_component>
      <object_component id="oc-ba">
         <name>.debug_info</name>
         <load_address>0xb7ab</load_address>
         <run_address>0xb7ab</run_address>
         <size>0x52e</size>
         <input_file_ref idref="fl-a"/>
      </object_component>
      <object_component id="oc-71">
         <name>.debug_info</name>
         <load_address>0xbcd9</load_address>
         <run_address>0xbcd9</run_address>
         <size>0x20e</size>
         <input_file_ref idref="fl-a"/>
      </object_component>
      <object_component id="oc-1b9">
         <name>.debug_info</name>
         <load_address>0xbee7</load_address>
         <run_address>0xbee7</run_address>
         <size>0x333</size>
         <input_file_ref idref="fl-c4"/>
      </object_component>
      <object_component id="oc-15b">
         <name>.debug_info</name>
         <load_address>0xc21a</load_address>
         <run_address>0xc21a</run_address>
         <size>0x1d1</size>
         <input_file_ref idref="fl-c4"/>
      </object_component>
      <object_component id="oc-1af">
         <name>.debug_info</name>
         <load_address>0xc3eb</load_address>
         <run_address>0xc3eb</run_address>
         <size>0x18d</size>
         <input_file_ref idref="fl-c4"/>
      </object_component>
      <object_component id="oc-1b6">
         <name>.debug_info</name>
         <load_address>0xc578</load_address>
         <run_address>0xc578</run_address>
         <size>0x16d</size>
         <input_file_ref idref="fl-c4"/>
      </object_component>
      <object_component id="oc-2f5">
         <name>.debug_info</name>
         <load_address>0xc6e5</load_address>
         <run_address>0xc6e5</run_address>
         <size>0x2c</size>
         <input_file_ref idref="fl-c4"/>
      </object_component>
      <object_component id="oc-1cd">
         <name>.debug_info</name>
         <load_address>0xc711</load_address>
         <run_address>0xc711</run_address>
         <size>0x3d0</size>
         <input_file_ref idref="fl-c5"/>
      </object_component>
      <object_component id="oc-1c6">
         <name>.debug_info</name>
         <load_address>0xcae1</load_address>
         <run_address>0xcae1</run_address>
         <size>0x2d8</size>
         <input_file_ref idref="fl-c5"/>
      </object_component>
      <object_component id="oc-16a">
         <name>.debug_info</name>
         <load_address>0xcdb9</load_address>
         <run_address>0xcdb9</run_address>
         <size>0x14d</size>
         <input_file_ref idref="fl-c5"/>
      </object_component>
      <object_component id="oc-d5">
         <name>.debug_info</name>
         <load_address>0xcf06</load_address>
         <run_address>0xcf06</run_address>
         <size>0x2c</size>
         <input_file_ref idref="fl-c5"/>
      </object_component>
      <object_component id="oc-271">
         <name>.debug_info</name>
         <load_address>0xcf32</load_address>
         <run_address>0xcf32</run_address>
         <size>0xb2</size>
         <input_file_ref idref="fl-c5"/>
      </object_component>
      <object_component id="oc-318">
         <name>.debug_info</name>
         <load_address>0xcfe4</load_address>
         <run_address>0xcfe4</run_address>
         <size>0x370</size>
         <input_file_ref idref="fl-c6"/>
      </object_component>
      <object_component id="oc-260">
         <name>.debug_info</name>
         <load_address>0xd354</load_address>
         <run_address>0xd354</run_address>
         <size>0x1e2</size>
         <input_file_ref idref="fl-c6"/>
      </object_component>
      <object_component id="oc-30b">
         <name>.debug_info</name>
         <load_address>0xd536</load_address>
         <run_address>0xd536</run_address>
         <size>0x300</size>
         <input_file_ref idref="fl-c7"/>
      </object_component>
      <object_component id="oc-254">
         <name>.debug_info</name>
         <load_address>0xd836</load_address>
         <run_address>0xd836</run_address>
         <size>0x18e</size>
         <input_file_ref idref="fl-c7"/>
      </object_component>
      <object_component id="oc-370">
         <name>.debug_info</name>
         <load_address>0xd9c4</load_address>
         <run_address>0xd9c4</run_address>
         <size>0xbf</size>
         <input_file_ref idref="fl-c7"/>
      </object_component>
      <object_component id="oc-36f">
         <name>.debug_info</name>
         <load_address>0xda83</load_address>
         <run_address>0xda83</run_address>
         <size>0x374</size>
         <input_file_ref idref="fl-c8"/>
      </object_component>
      <object_component id="oc-307">
         <name>.debug_info</name>
         <load_address>0xddf7</load_address>
         <run_address>0xddf7</run_address>
         <size>0x20b</size>
         <input_file_ref idref="fl-c8"/>
      </object_component>
      <object_component id="oc-3c">
         <name>.debug_info</name>
         <load_address>0xe002</load_address>
         <run_address>0xe002</run_address>
         <size>0x119</size>
         <input_file_ref idref="fl-c9"/>
      </object_component>
      <object_component id="oc-93">
         <name>.debug_info</name>
         <load_address>0xe11b</load_address>
         <run_address>0xe11b</run_address>
         <size>0x2d4</size>
         <input_file_ref idref="fl-ca"/>
      </object_component>
      <object_component id="oc-4d">
         <name>.debug_info</name>
         <load_address>0xe3ef</load_address>
         <run_address>0xe3ef</run_address>
         <size>0x1b5</size>
         <input_file_ref idref="fl-ca"/>
      </object_component>
      <object_component id="oc-8e">
         <name>.debug_info</name>
         <load_address>0xe5a4</load_address>
         <run_address>0xe5a4</run_address>
         <size>0x46</size>
         <input_file_ref idref="fl-ca"/>
      </object_component>
      <object_component id="oc-45">
         <name>.debug_info</name>
         <load_address>0xe5ea</load_address>
         <run_address>0xe5ea</run_address>
         <size>0x2a8</size>
         <input_file_ref idref="fl-cb"/>
      </object_component>
      <object_component id="oc-1f">
         <name>.debug_info</name>
         <load_address>0xe892</load_address>
         <run_address>0xe892</run_address>
         <size>0x1ea</size>
         <input_file_ref idref="fl-cb"/>
      </object_component>
      <object_component id="oc-40">
         <name>.debug_info</name>
         <load_address>0xea7c</load_address>
         <run_address>0xea7c</run_address>
         <size>0x46</size>
         <input_file_ref idref="fl-cb"/>
      </object_component>
      <object_component id="oc-86">
         <name>.debug_info</name>
         <load_address>0xeac2</load_address>
         <run_address>0xeac2</run_address>
         <size>0x2c</size>
         <input_file_ref idref="fl-cb"/>
      </object_component>
      <object_component id="oc-84">
         <name>.debug_info</name>
         <load_address>0xeaee</load_address>
         <run_address>0xeaee</run_address>
         <size>0x29e</size>
         <input_file_ref idref="fl-cc"/>
      </object_component>
      <object_component id="oc-18">
         <name>.debug_info</name>
         <load_address>0xed8c</load_address>
         <run_address>0xed8c</run_address>
         <size>0x250</size>
         <input_file_ref idref="fl-cc"/>
      </object_component>
      <object_component id="oc-30">
         <name>.debug_info</name>
         <load_address>0xefdc</load_address>
         <run_address>0xefdc</run_address>
         <size>0x60</size>
         <input_file_ref idref="fl-cc"/>
      </object_component>
      <object_component id="oc-ce">
         <name>.debug_info</name>
         <load_address>0xf03c</load_address>
         <run_address>0xf03c</run_address>
         <size>0x46</size>
         <input_file_ref idref="fl-cc"/>
      </object_component>
      <object_component id="oc-7f">
         <name>.debug_info</name>
         <load_address>0xf082</load_address>
         <run_address>0xf082</run_address>
         <size>0x39</size>
         <input_file_ref idref="fl-cc"/>
      </object_component>
      <object_component id="oc-17b">
         <name>.debug_info</name>
         <load_address>0xf0bb</load_address>
         <run_address>0xf0bb</run_address>
         <size>0x3ad</size>
         <input_file_ref idref="fl-cd"/>
      </object_component>
      <object_component id="oc-175">
         <name>.debug_info</name>
         <load_address>0xf468</load_address>
         <run_address>0xf468</run_address>
         <size>0x190</size>
         <input_file_ref idref="fl-cd"/>
      </object_component>
      <object_component id="oc-f5">
         <name>.debug_info</name>
         <load_address>0xf5f8</load_address>
         <run_address>0xf5f8</run_address>
         <size>0x122</size>
         <input_file_ref idref="fl-cd"/>
      </object_component>
      <object_component id="oc-f9">
         <name>.debug_info</name>
         <load_address>0xf71a</load_address>
         <run_address>0xf71a</run_address>
         <size>0x184</size>
         <input_file_ref idref="fl-cd"/>
      </object_component>
      <object_component id="oc-1e6">
         <name>.debug_info</name>
         <load_address>0xf89e</load_address>
         <run_address>0xf89e</run_address>
         <size>0x2c9</size>
         <input_file_ref idref="fl-ce"/>
      </object_component>
      <object_component id="oc-178">
         <name>.debug_info</name>
         <load_address>0xfb67</load_address>
         <run_address>0xfb67</run_address>
         <size>0x11e</size>
         <input_file_ref idref="fl-ce"/>
      </object_component>
      <object_component id="oc-1df">
         <name>.debug_info</name>
         <load_address>0xfc85</load_address>
         <run_address>0xfc85</run_address>
         <size>0x12e</size>
         <input_file_ref idref="fl-ce"/>
      </object_component>
      <object_component id="oc-26d">
         <name>.debug_info</name>
         <load_address>0xfdb3</load_address>
         <run_address>0xfdb3</run_address>
         <size>0x144</size>
         <input_file_ref idref="fl-cf"/>
      </object_component>
      <object_component id="oc-1ca">
         <name>.debug_info</name>
         <load_address>0xfef7</load_address>
         <run_address>0xfef7</run_address>
         <size>0x102</size>
         <input_file_ref idref="fl-cf"/>
      </object_component>
      <object_component id="oc-315">
         <name>.debug_info</name>
         <load_address>0xfff9</load_address>
         <run_address>0xfff9</run_address>
         <size>0x18f</size>
         <input_file_ref idref="fl-cf"/>
      </object_component>
      <object_component id="oc-30d">
         <name>.debug_info</name>
         <load_address>0x10188</load_address>
         <run_address>0x10188</run_address>
         <size>0x2a5</size>
         <input_file_ref idref="fl-d0"/>
      </object_component>
      <object_component id="oc-259">
         <name>.debug_info</name>
         <load_address>0x1042d</load_address>
         <run_address>0x1042d</run_address>
         <size>0x25d</size>
         <input_file_ref idref="fl-d0"/>
      </object_component>
      <object_component id="oc-7b">
         <name>.debug_info</name>
         <load_address>0x1068a</load_address>
         <run_address>0x1068a</run_address>
         <size>0x3b2</size>
         <input_file_ref idref="fl-d1"/>
      </object_component>
      <object_component id="oc-2a">
         <name>.debug_info</name>
         <load_address>0x10a3c</load_address>
         <run_address>0x10a3c</run_address>
         <size>0x10c</size>
         <input_file_ref idref="fl-d1"/>
      </object_component>
      <object_component id="oc-3f8">
         <name>.debug_info</name>
         <load_address>0x10b48</load_address>
         <run_address>0x10b48</run_address>
         <size>0x13f</size>
         <input_file_ref idref="fl-d1"/>
      </object_component>
      <object_component id="oc-363">
         <name>.debug_info</name>
         <load_address>0x10c87</load_address>
         <run_address>0x10c87</run_address>
         <size>0x168</size>
         <input_file_ref idref="fl-d1"/>
      </object_component>
      <object_component id="oc-3a9">
         <name>.debug_info</name>
         <load_address>0x10def</load_address>
         <run_address>0x10def</run_address>
         <size>0x18e</size>
         <input_file_ref idref="fl-d1"/>
      </object_component>
      <object_component id="oc-3af">
         <name>.debug_info</name>
         <load_address>0x10f7d</load_address>
         <run_address>0x10f7d</run_address>
         <size>0x19f</size>
         <input_file_ref idref="fl-d1"/>
      </object_component>
      <object_component id="oc-35d">
         <name>.debug_info</name>
         <load_address>0x1111c</load_address>
         <run_address>0x1111c</run_address>
         <size>0x203</size>
         <input_file_ref idref="fl-d1"/>
      </object_component>
      <object_component id="oc-3fe">
         <name>.debug_info</name>
         <load_address>0x1131f</load_address>
         <run_address>0x1131f</run_address>
         <size>0x1db</size>
         <input_file_ref idref="fl-d1"/>
      </object_component>
      <object_component id="oc-3b6">
         <name>.debug_info</name>
         <load_address>0x114fa</load_address>
         <run_address>0x114fa</run_address>
         <size>0x299</size>
         <input_file_ref idref="fl-d1"/>
      </object_component>
      <object_component id="oc-c9">
         <name>.debug_info</name>
         <load_address>0x11793</load_address>
         <run_address>0x11793</run_address>
         <size>0xb2</size>
         <input_file_ref idref="fl-d1"/>
      </object_component>
      <object_component id="oc-c4">
         <name>.debug_info</name>
         <load_address>0x11845</load_address>
         <run_address>0x11845</run_address>
         <size>0x2c</size>
         <input_file_ref idref="fl-d1"/>
      </object_component>
      <object_component id="oc-1c0">
         <name>.debug_info</name>
         <load_address>0x11871</load_address>
         <run_address>0x11871</run_address>
         <size>0x28a</size>
         <input_file_ref idref="fl-d2"/>
      </object_component>
      <object_component id="oc-160">
         <name>.debug_info</name>
         <load_address>0x11afb</load_address>
         <run_address>0x11afb</run_address>
         <size>0x273</size>
         <input_file_ref idref="fl-d2"/>
      </object_component>
      <object_component id="oc-2d">
         <name>.debug_info</name>
         <load_address>0x11d6e</load_address>
         <run_address>0x11d6e</run_address>
         <size>0x10b</size>
         <input_file_ref idref="fl-d3"/>
      </object_component>
      <object_component id="oc-59">
         <name>.debug_info</name>
         <load_address>0x11e79</load_address>
         <run_address>0x11e79</run_address>
         <size>0x1a9</size>
         <input_file_ref idref="fl-d3"/>
      </object_component>
      <object_component id="oc-31d">
         <name>.debug_info</name>
         <load_address>0x12022</load_address>
         <run_address>0x12022</run_address>
         <size>0x396</size>
         <input_file_ref idref="fl-d4"/>
      </object_component>
      <object_component id="oc-267">
         <name>.debug_info</name>
         <load_address>0x123b8</load_address>
         <run_address>0x123b8</run_address>
         <size>0x18a</size>
         <input_file_ref idref="fl-d4"/>
      </object_component>
      <object_component id="oc-38d">
         <name>.debug_info</name>
         <load_address>0x12542</load_address>
         <run_address>0x12542</run_address>
         <size>0x120</size>
         <input_file_ref idref="fl-d4"/>
      </object_component>
      <object_component id="oc-392">
         <name>.debug_info</name>
         <load_address>0x12662</load_address>
         <run_address>0x12662</run_address>
         <size>0x2c</size>
         <input_file_ref idref="fl-d4"/>
      </object_component>
      <object_component id="oc-241">
         <name>.debug_info</name>
         <load_address>0x1268e</load_address>
         <run_address>0x1268e</run_address>
         <size>0x590</size>
         <input_file_ref idref="fl-d5"/>
      </object_component>
      <object_component id="oc-20c">
         <name>.debug_info</name>
         <load_address>0x12c1e</load_address>
         <run_address>0x12c1e</run_address>
         <size>0x21e</size>
         <input_file_ref idref="fl-d5"/>
      </object_component>
      <object_component id="oc-2b8">
         <name>.debug_info</name>
         <load_address>0x12e3c</load_address>
         <run_address>0x12e3c</run_address>
         <size>0x1b3</size>
         <input_file_ref idref="fl-d5"/>
      </object_component>
      <object_component id="oc-2be">
         <name>.debug_info</name>
         <load_address>0x12fef</load_address>
         <run_address>0x12fef</run_address>
         <size>0x21b</size>
         <input_file_ref idref="fl-d5"/>
      </object_component>
      <object_component id="oc-217">
         <name>.debug_info</name>
         <load_address>0x1320a</load_address>
         <run_address>0x1320a</run_address>
         <size>0x3c0</size>
         <input_file_ref idref="fl-d5"/>
      </object_component>
      <object_component id="oc-2c5">
         <name>.debug_info</name>
         <load_address>0x135ca</load_address>
         <run_address>0x135ca</run_address>
         <size>0x30a</size>
         <input_file_ref idref="fl-d5"/>
      </object_component>
      <object_component id="oc-2cb">
         <name>.debug_info</name>
         <load_address>0x138d4</load_address>
         <run_address>0x138d4</run_address>
         <size>0x215</size>
         <input_file_ref idref="fl-d5"/>
      </object_component>
      <object_component id="oc-21d">
         <name>.debug_info</name>
         <load_address>0x13ae9</load_address>
         <run_address>0x13ae9</run_address>
         <size>0x215</size>
         <input_file_ref idref="fl-d5"/>
      </object_component>
      <object_component id="oc-223">
         <name>.debug_info</name>
         <load_address>0x13cfe</load_address>
         <run_address>0x13cfe</run_address>
         <size>0x304</size>
         <input_file_ref idref="fl-d5"/>
      </object_component>
      <object_component id="oc-229">
         <name>.debug_info</name>
         <load_address>0x14002</load_address>
         <run_address>0x14002</run_address>
         <size>0x4b5</size>
         <input_file_ref idref="fl-d5"/>
      </object_component>
      <object_component id="oc-1a7">
         <name>.debug_info</name>
         <load_address>0x144b7</load_address>
         <run_address>0x144b7</run_address>
         <size>0x5f4</size>
         <input_file_ref idref="fl-d5"/>
      </object_component>
      <object_component id="oc-242">
         <name>.debug_info</name>
         <load_address>0x14aab</load_address>
         <run_address>0x14aab</run_address>
         <size>0x86</size>
         <input_file_ref idref="fl-d5"/>
      </object_component>
      <object_component id="oc-2fa">
         <name>.debug_info</name>
         <load_address>0x14b31</load_address>
         <run_address>0x14b31</run_address>
         <size>0x39</size>
         <input_file_ref idref="fl-d5"/>
      </object_component>
      <object_component id="oc-357">
         <name>.debug_info</name>
         <load_address>0x14b6a</load_address>
         <run_address>0x14b6a</run_address>
         <size>0xb6</size>
         <input_file_ref idref="fl-d5"/>
      </object_component>
      <object_component id="oc-2ff">
         <name>.debug_info</name>
         <load_address>0x14c20</load_address>
         <run_address>0x14c20</run_address>
         <size>0x46</size>
         <input_file_ref idref="fl-d5"/>
      </object_component>
      <object_component id="oc-247">
         <name>.debug_info</name>
         <load_address>0x14c66</load_address>
         <run_address>0x14c66</run_address>
         <size>0x46</size>
         <input_file_ref idref="fl-d5"/>
      </object_component>
      <object_component id="oc-380">
         <name>.debug_info</name>
         <load_address>0x14cac</load_address>
         <run_address>0x14cac</run_address>
         <size>0x347</size>
         <input_file_ref idref="fl-d6"/>
      </object_component>
      <object_component id="oc-311">
         <name>.debug_info</name>
         <load_address>0x14ff3</load_address>
         <run_address>0x14ff3</run_address>
         <size>0x18a</size>
         <input_file_ref idref="fl-d6"/>
      </object_component>
      <object_component id="oc-369">
         <name>.debug_info</name>
         <load_address>0x1517d</load_address>
         <run_address>0x1517d</run_address>
         <size>0x176</size>
         <input_file_ref idref="fl-d7"/>
      </object_component>
      <object_component id="oc-33a">
         <name>.debug_info</name>
         <load_address>0x152f3</load_address>
         <run_address>0x152f3</run_address>
         <size>0x295</size>
         <input_file_ref idref="fl-d9"/>
      </object_component>
      <object_component id="oc-2d3">
         <name>.debug_info</name>
         <load_address>0x15588</load_address>
         <run_address>0x15588</run_address>
         <size>0x195</size>
         <input_file_ref idref="fl-d9"/>
      </object_component>
      <object_component id="oc-39e">
         <name>.debug_info</name>
         <load_address>0x1571d</load_address>
         <run_address>0x1571d</run_address>
         <size>0x39</size>
         <input_file_ref idref="fl-d9"/>
      </object_component>
      <object_component id="oc-33b">
         <name>.debug_info</name>
         <load_address>0x15756</load_address>
         <run_address>0x15756</run_address>
         <size>0x2c</size>
         <input_file_ref idref="fl-d9"/>
      </object_component>
      <object_component id="oc-347">
         <name>.debug_info</name>
         <load_address>0x15782</load_address>
         <run_address>0x15782</run_address>
         <size>0x2f8</size>
         <input_file_ref idref="fl-da"/>
      </object_component>
      <object_component id="oc-2d9">
         <name>.debug_info</name>
         <load_address>0x15a7a</load_address>
         <run_address>0x15a7a</run_address>
         <size>0x225</size>
         <input_file_ref idref="fl-da"/>
      </object_component>
      <object_component id="oc-2ed">
         <name>.debug_info</name>
         <load_address>0x15c9f</load_address>
         <run_address>0x15c9f</run_address>
         <size>0x28f</size>
         <input_file_ref idref="fl-db"/>
      </object_component>
      <object_component id="oc-236">
         <name>.debug_info</name>
         <load_address>0x15f2e</load_address>
         <run_address>0x15f2e</run_address>
         <size>0x15a</size>
         <input_file_ref idref="fl-db"/>
      </object_component>
      <object_component id="oc-34c">
         <name>.debug_info</name>
         <load_address>0x16088</load_address>
         <run_address>0x16088</run_address>
         <size>0x46</size>
         <input_file_ref idref="fl-db"/>
      </object_component>
      <object_component id="oc-2e8">
         <name>.debug_info</name>
         <load_address>0x160ce</load_address>
         <run_address>0x160ce</run_address>
         <size>0x39</size>
         <input_file_ref idref="fl-db"/>
      </object_component>
      <object_component id="oc-2b3">
         <name>.debug_info</name>
         <load_address>0x16107</load_address>
         <run_address>0x16107</run_address>
         <size>0x14c</size>
         <input_file_ref idref="fl-dc"/>
      </object_component>
      <object_component id="oc-212">
         <name>.debug_info</name>
         <load_address>0x16253</load_address>
         <run_address>0x16253</run_address>
         <size>0x128</size>
         <input_file_ref idref="fl-dd"/>
      </object_component>
      <object_component id="oc-29f">
         <name>.debug_info</name>
         <load_address>0x1637b</load_address>
         <run_address>0x1637b</run_address>
         <size>0x12a</size>
         <input_file_ref idref="fl-dd"/>
      </object_component>
      <object_component id="oc-29a">
         <name>.debug_info</name>
         <load_address>0x164a5</load_address>
         <run_address>0x164a5</run_address>
         <size>0x13a</size>
         <input_file_ref idref="fl-de"/>
      </object_component>
      <object_component id="oc-295">
         <name>.debug_info</name>
         <load_address>0x165df</load_address>
         <run_address>0x165df</run_address>
         <size>0x13a</size>
         <input_file_ref idref="fl-df"/>
      </object_component>
      <object_component id="oc-2a4">
         <name>.debug_info</name>
         <load_address>0x16719</load_address>
         <run_address>0x16719</run_address>
         <size>0x12e</size>
         <input_file_ref idref="fl-e0"/>
      </object_component>
      <object_component id="oc-2b0">
         <name>.debug_info</name>
         <load_address>0x16847</load_address>
         <run_address>0x16847</run_address>
         <size>0x12c</size>
         <input_file_ref idref="fl-e1"/>
      </object_component>
      <object_component id="oc-28d">
         <name>.debug_info</name>
         <load_address>0x16973</load_address>
         <run_address>0x16973</run_address>
         <size>0x134</size>
         <input_file_ref idref="fl-e2"/>
      </object_component>
      <object_component id="oc-95">
         <name>.debug_info</name>
         <load_address>0x16aa7</load_address>
         <run_address>0x16aa7</run_address>
         <size>0x147</size>
         <input_file_ref idref="fl-e3"/>
      </object_component>
      <object_component id="oc-17e">
         <name>.debug_info</name>
         <load_address>0x16bee</load_address>
         <run_address>0x16bee</run_address>
         <size>0x4b3</size>
[...]
      </symbol>
      <symbol id="sm-2bd">
         <name>__TI_decompress_lzss</name>
         <value>0x2d31</value>
         <object_component_ref idref="oc-17"/>
      </symbol>
      <symbol id="sm-2e3">
         <name>C$$EXIT</name>
         <value>0x3705</value>
         <object_component_ref idref="oc-f1"/>
      </symbol>
      <symbol id="sm-2e4">
         <name>abort</name>
         <value>0x3705</value>
         <object_component_ref idref="oc-f1"/>
      </symbol>
      <symbol id="sm-2e5">
         <name>__TI_dtors_ptr</name>
         <value>0x20000f94</value>
         <object_component_ref idref="oc-174"/>
      </symbol>
      <symbol id="sm-2e6">
         <name>__TI_cleanup_ptr</name>
         <value>0x20000f90</value>
         <object_component_ref idref="oc-174"/>
      </symbol>
      <symbol id="sm-2e7">
         <name>__TI_enable_exit_profile_output</name>
         <value>0x20000f98</value>
         <object_component_ref idref="oc-174"/>
      </symbol>
      <symbol id="sm-2e8">
         <name>exit</name>
         <value>0x3149</value>
         <object_component_ref idref="oc-f7"/>
      </symbol>
      <symbol id="sm-2fd">
         <name>_nop</name>
         <value>0xb33</value>
         <object_component_ref idref="oc-1de"/>
      </symbol>
      <symbol id="sm-2fe">
         <name>_lock</name>
         <value>0x20000f9c</value>
         <object_component_ref idref="oc-177"/>
      </symbol>
      <symbol id="sm-2ff">
         <name>_unlock</name>
         <value>0x20000fa0</value>
         <object_component_ref idref="oc-177"/>
      </symbol>
      <symbol id="sm-314">
         <name>__TI_tmpnams</name>
         <value>0x20000920</value>
      </symbol>
      <symbol id="sm-315">
         <name>__aeabi_stdout</name>
         <value>0x20000f88</value>
         <object_component_ref idref="oc-314"/>
      </symbol>
      <symbol id="sm-316">
         <name>__aeabi_stderr</name>
         <value>0x20000f8c</value>
         <object_component_ref idref="oc-314"/>
      </symbol>
      <symbol id="sm-317">
         <name>__aeabi_stdin</name>
         <value>0x20000f84</value>
         <object_component_ref idref="oc-314"/>
      </symbol>
      <symbol id="sm-318">
         <name>_ftable</name>
         <value>0x20000dc8</value>
         <object_component_ref idref="oc-1c9"/>
      </symbol>
      <symbol id="sm-319">
         <name>__TI_ft_end</name>
         <value>0x20000f80</value>
         <object_component_ref idref="oc-314"/>
      </symbol>
      <symbol id="sm-329">
         <name>memchr</name>
         <value>0x359f</value>
         <object_component_ref idref="oc-258"/>
      </symbol>
      <symbol id="sm-3b2">
         <name>_sys_memory</name>
         <value>0x200009c8</value>
         <object_component_ref idref="oc-29"/>
      </symbol>
      <symbol id="sm-3b3">
         <name>free</name>
         <value>0x24b5</value>
         <object_component_ref idref="oc-35c"/>
      </symbol>
      <symbol id="sm-3b4">
         <name>memalign</name>
         <value>0x21d1</value>
         <object_component_ref idref="oc-3b5"/>
      </symbol>
      <symbol id="sm-3b5">
         <name>malloc</name>
         <value>0x36f9</value>
         <object_component_ref idref="oc-362"/>
      </symbol>
      <symbol id="sm-3b6">
         <name>aligned_alloc</name>
         <value>0x21d1</value>
         <object_component_ref idref="oc-3b5"/>
      </symbol>
      <symbol id="sm-3c5">
         <name>strcmp</name>
         <value>0x3643</value>
         <object_component_ref idref="oc-15f"/>
      </symbol>
      <symbol id="sm-3d8">
         <name>__stack</name>
         <value>0x2000fe00</value>
         <object_component_ref idref="oc-2c"/>
      </symbol>
      <symbol id="sm-3d9">
         <name>_c_int00_noargs</name>
         <value>0x3441</value>
         <object_component_ref idref="oc-58"/>
      </symbol>
      <symbol id="sm-3f3">
         <name>read</name>
         <value>0x3529</value>
         <object_component_ref idref="oc-264"/>
      </symbol>
      <symbol id="sm-558">
         <name>__TI_printfi</name>
         <value>0xe5</value>
         <object_component_ref idref="oc-1a6"/>
      </symbol>
      <symbol id="sm-568">
         <name>__TI_doflush</name>
         <value>0x3065</value>
         <object_component_ref idref="oc-30e"/>
      </symbol>
      <symbol id="sm-578">
         <name>__TI_cleanup</name>
         <value>0x33d9</value>
         <object_component_ref idref="oc-368"/>
      </symbol>
      <symbol id="sm-599">
         <name>frexpl</name>
         <value>0x2d99</value>
         <object_component_ref idref="oc-2d2"/>
      </symbol>
      <symbol id="sm-59a">
         <name>frexp</name>
         <value>0x2d99</value>
         <object_component_ref idref="oc-2d2"/>
      </symbol>
      <symbol id="sm-5b7">
         <name>scalbn</name>
         <value>0x20c1</value>
         <object_component_ref idref="oc-2d8"/>
      </symbol>
      <symbol id="sm-5b8">
         <name>scalbnl</name>
         <value>0x20c1</value>
         <object_component_ref idref="oc-2d8"/>
      </symbol>
      <symbol id="sm-5b9">
         <name>ldexpl</name>
         <value>0x20c1</value>
         <object_component_ref idref="oc-2d8"/>
      </symbol>
      <symbol id="sm-5ba">
         <name>ldexp</name>
         <value>0x20c1</value>
         <object_component_ref idref="oc-2d8"/>
      </symbol>
      <symbol id="sm-5d3">
         <name>wcslen</name>
         <value>0x3699</value>
         <object_component_ref idref="oc-234"/>
      </symbol>
      <symbol id="sm-5ea">
         <name>__aeabi_dsub</name>
         <value>0x1905</value>
         <object_component_ref idref="oc-2b2"/>
      </symbol>
      <symbol id="sm-5eb">
         <name>__aeabi_dadd</name>
         <value>0x190f</value>
         <object_component_ref idref="oc-2b2"/>
      </symbol>
      <symbol id="sm-60d">
         <name>__aeabi_cdcmpeq</name>
         <value>0x2981</value>
         <object_component_ref idref="oc-211"/>
      </symbol>
      <symbol id="sm-60e">
         <name>__aeabi_cdcmple</name>
         <value>0x2981</value>
         <object_component_ref idref="oc-211"/>
      </symbol>
      <symbol id="sm-60f">
         <name>__aeabi_cdrcmple</name>
         <value>0x2a07</value>
         <object_component_ref idref="oc-29d"/>
      </symbol>
      <symbol id="sm-623">
         <name>__aeabi_ddiv</name>
         <value>0x1d35</value>
         <object_component_ref idref="oc-298"/>
      </symbol>
      <symbol id="sm-62e">
         <name>__aeabi_dmul</name>
         <value>0x22d1</value>
         <object_component_ref idref="oc-293"/>
      </symbol>
      <symbol id="sm-638">
         <name>__aeabi_d2iz</name>
         <value>0x3191</value>
         <object_component_ref idref="oc-2a2"/>
      </symbol>
      <symbol id="sm-642">
         <name>__aeabi_i2d</name>
         <value>0x34a5</value>
         <object_component_ref idref="oc-2ad"/>
      </symbol>
      <symbol id="sm-64f">
         <name>__aeabi_uldivmod</name>
         <value>0x2861</value>
         <object_component_ref idref="oc-28c"/>
      </symbol>
      <symbol id="sm-65e">
         <name>__aeabi_memset</name>
         <value>0x2a8f</value>
         <object_component_ref idref="oc-94"/>
      </symbol>
      <symbol id="sm-65f">
         <name>memset</name>
         <value>0x2a95</value>
         <object_component_ref idref="oc-94"/>
      </symbol>
      <symbol id="sm-660">
         <name>__aeabi_memset8</name>
         <value>0x2a8f</value>
         <object_component_ref idref="oc-94"/>
      </symbol>
      <symbol id="sm-661">
         <name>__aeabi_memset4</name>
         <value>0x2a8f</value>
         <object_component_ref idref="oc-94"/>
      </symbol>
      <symbol id="sm-662">
         <name>__aeabi_memclr8</name>
         <value>0x2a8d</value>
         <object_component_ref idref="oc-94"/>
      </symbol>
      <symbol id="sm-663">
         <name>__aeabi_memclr4</name>
         <value>0x2a8d</value>
         <object_component_ref idref="oc-94"/>
      </symbol>
      <symbol id="sm-664">
         <name>__aeabi_memclr</name>
         <value>0x2a8d</value>
         <object_component_ref idref="oc-94"/>
      </symbol>
      <symbol id="sm-68c">
         <name>__TI_auto_init_nobinit_nopinit</name>
         <value>0x3261</value>
         <object_component_ref idref="oc-fd"/>
      </symbol>
      <symbol id="sm-696">
         <name>_system_pre_init</name>
         <value>0x3701</value>
         <object_component_ref idref="oc-9a"/>
      </symbol>
      <symbol id="sm-6a6">
         <name>__TI_ltoa</name>
         <value>0x2fbf</value>
         <object_component_ref idref="oc-2a7"/>
      </symbol>
      <symbol id="sm-6bd">
         <name>atoi</name>
         <value>0x30b1</value>
         <object_component_ref idref="oc-205"/>
      </symbol>
      <symbol id="sm-6c8">
         <name>_ctypes_</name>
         <value>0x3708</value>
         <object_component_ref idref="oc-287"/>
      </symbol>
      <symbol id="sm-6d8">
         <name>memccpy</name>
         <value>0x35dd</value>
         <object_component_ref idref="oc-22e"/>
      </symbol>
      <symbol id="sm-6e8">
         <name>strchr</name>
         <value>0x365b</value>
         <object_component_ref idref="oc-2de"/>
      </symbol>
      <symbol id="sm-6f6">
         <name>strlen</name>
         <value>0x3685</value>
         <object_component_ref idref="oc-1ff"/>
      </symbol>
      <symbol id="sm-70c">
         <name>__aeabi_errno_addr</name>
         <value>0x36f1</value>
         <object_component_ref idref="oc-23a"/>
      </symbol>
      <symbol id="sm-70d">
         <name>errno</name>
         <value>0x20000fac</value>
         <object_component_ref idref="oc-2ee"/>
      </symbol>
      <symbol id="sm-71d">
         <name>write</name>
         <value>0x3551</value>
         <object_component_ref idref="oc-379"/>
      </symbol>
      <symbol id="sm-72e">
         <name>_stream</name>
         <value>0x20000f30</value>
         <object_component_ref idref="oc-319"/>
      </symbol>
      <symbol id="sm-72f">
         <name>_device</name>
         <value>0x20000eb8</value>
         <object_component_ref idref="oc-385"/>
      </symbol>
      <symbol id="sm-746">
         <name>__TI_closefile</name>
         <value>0x2b09</value>
         <object_component_ref idref="oc-3bc"/>
      </symbol>
      <symbol id="sm-769">
         <name>finddevice</name>
         <value>0x3475</value>
         <object_component_ref idref="oc-463"/>
      </symbol>
      <symbol id="sm-76a">
         <name>getdevice</name>
         <value>0x32a5</value>
         <object_component_ref idref="oc-43b"/>
      </symbol>
      <symbol id="sm-774">
         <name>copysign</name>
         <value>0x35f9</value>
         <object_component_ref idref="oc-340"/>
      </symbol>
      <symbol id="sm-775">
         <name>copysignl</name>
         <value>0x35f9</value>
         <object_component_ref idref="oc-340"/>
      </symbol>
      <symbol id="sm-77f">
         <name>__aeabi_idiv0</name>
         <value>0x1abb</value>
         <object_component_ref idref="oc-327"/>
      </symbol>
      <symbol id="sm-780">
         <name>__aeabi_ldiv0</name>
         <value>0x1abb</value>
         <object_component_ref idref="oc-327"/>
      </symbol>
      <symbol id="sm-790">
         <name>strncpy</name>
         <value>0x33a1</value>
         <object_component_ref idref="oc-45d"/>
      </symbol>
      <symbol id="sm-7a1">
         <name>HOSTclose</name>
         <value>0x31d9</value>
         <object_component_ref idref="oc-3cf"/>
      </symbol>
      <symbol id="sm-7b2">
         <name>HOSTlseek</name>
         <value>0x2cc9</value>
         <object_component_ref idref="oc-3e1"/>
      </symbol>
      <symbol id="sm-7c4">
         <name>parmbuf</name>
         <value>0x200009c0</value>
      </symbol>
      <symbol id="sm-7c5">
         <name>HOSTopen</name>
         <value>0x2dfd</value>
         <object_component_ref idref="oc-3c9"/>
      </symbol>
      <symbol id="sm-7d6">
         <name>HOSTread</name>
         <value>0x2eb9</value>
         <object_component_ref idref="oc-3d5"/>
      </symbol>
      <symbol id="sm-7e7">
         <name>HOSTrename</name>
         <value>0x2c5d</value>
         <object_component_ref idref="oc-3ed"/>
      </symbol>
      <symbol id="sm-7f8">
         <name>HOSTunlink</name>
         <value>0x321d</value>
         <object_component_ref idref="oc-3e7"/>
      </symbol>
      <symbol id="sm-809">
         <name>HOSTwrite</name>
         <value>0x2f11</value>
         <object_component_ref idref="oc-3db"/>
      </symbol>
      <symbol id="sm-82d">
         <name>__TI_readmsg</name>
         <value>0x340d</value>
         <object_component_ref idref="oc-41a"/>
      </symbol>
      <symbol id="sm-82e">
         <name>C$$IO$$</name>
         <value>0x3397</value>
         <object_component_ref idref="oc-414"/>
      </symbol>
      <symbol id="sm-82f">
         <name>__CIOBUF_</name>
         <value>0x20000800</value>
         <object_component_ref idref="oc-445"/>
      </symbol>
      <symbol id="sm-830">
         <name>__TI_writemsg</name>
         <value>0x3369</value>
         <object_component_ref idref="oc-414"/>
      </symbol>
      <symbol id="sm-845">
         <name>close</name>
         <value>0x2e5d</value>
         <object_component_ref idref="oc-403"/>
      </symbol>
      <symbol id="sm-853">
         <name>strcpy</name>
         <value>0x3671</value>
         <object_component_ref idref="oc-42e"/>
      </symbol>
      <symbol id="sm-863">
         <name>unlink</name>
         <value>0x34d5</value>
         <object_component_ref idref="oc-409"/>
      </symbol>
      <symbol id="sm-864">
         <name>__TI_static_base__</name>
         <value>0x0</value>
      </symbol>
      <symbol id="sm-867">
         <name>__mpu_init</name>
         <value>0x0</value>
      </symbol>
      <symbol id="sm-868">
         <name>_system_post_cinit</name>
         <value>0x0</value>
      </symbol>
      <symbol id="sm-869">
         <name>NMI_Handler</name>
         <value>0x36d7</value>
      </symbol>
      <symbol id="sm-86a">
         <name>HardFault_Handler</name>
         <value>0x36d7</value>
      </symbol>
      <symbol id="sm-86b">
         <name>MemManage_Handler</name>
         <value>0x36d7</value>
      </symbol>
      <symbol id="sm-86c">
         <name>BusFault_Handler</name>
         <value>0x36d7</value>
      </symbol>
      <symbol id="sm-86d">
         <name>UsageFault_Handler</name>
         <value>0x36d7</value>
      </symbol>
      <symbol id="sm-86e">
         <name>SVC_Handler</name>
         <value>0x36d7</value>
      </symbol>
      <symbol id="sm-86f">
         <name>DebugMon_Handler</name>
         <value>0x36d7</value>
      </symbol>
      <symbol id="sm-870">
         <name>PendSV_Handler</name>
         <value>0x36d7</value>
      </symbol>
      <symbol id="sm-871">
         <name>SysTick_Handler</name>
         <value>0x36d7</value>
      </symbol>
      <symbol id="sm-872">
         <name>PSS_IRQHandler</name>
         <value>0x36d7</value>
      </symbol>
      <symbol id="sm-873">
         <name>CS_IRQHandler</name>
         <value>0x36d7</value>
      </symbol>
      <symbol id="sm-874">
         <name>PCM_IRQHandler</name>
         <value>0x36d7</value>
      </symbol>
      <symbol id="sm-875">
         <name>WDT_A_IRQHandler</name>
         <value>0x36d7</value>
      </symbol>
      <symbol id="sm-876">
         <name>FPU_IRQHandler</name>
         <value>0x36d7</value>
      </symbol>
      <symbol id="sm-877">
         <name>FLCTL_IRQHandler</name>
         <value>0x36d7</value>
      </symbol>
      <symbol id="sm-878">
         <name>COMP_E0_IRQHandler</name>
         <value>0x36d7</value>
      </symbol>
      <symbol id="sm-879">
         <name>COMP_E1_IRQHandler</name>
         <value>0x36d7</value>
      </symbol>
      <symbol id="sm-87a">
         <name>TA0_0_IRQHandler</name>
         <value>0x36d7</value>
      </symbol>
      <symbol id="sm-87b">
         <name>TA0_N_IRQHandler</name>
         <value>0x36d7</value>
      </symbol>
      <symbol id="sm-87c">
         <name>TA1_0_IRQHandler</name>
         <value>0x36d7</value>
      </symbol>
      <symbol id="sm-87d">
         <name>TA1_N_IRQHandler</name>
         <value>0x36d7</value>
      </symbol>
      <symbol id="sm-87e">
         <name>TA2_0_IRQHandler</name>
         <value>0x36d7</value>
      </symbol>
      <symbol id="sm-87f">
         <name>TA2_N_IRQHandler</name>
         <value>0x36d7</value>
      </symbol>
      <symbol id="sm-880">
         <name>TA3_0_IRQHandler</name>
         <value>0x36d7</value>
      </symbol>
      <symbol id="sm-881">
         <name>TA3_N_IRQHandler</name>
         <value>0x36d7</value>
      </symbol>
      <symbol id="sm-882">
         <name>EUSCIA0_IRQHandler</name>
         <value>0x246f</value>
      </symbol>
      <symbol id="sm-883">
         <name>EUSCIA1_IRQHandler</name>
         <value>0x36d7</value>
      </symbol>
      <symbol id="sm-884">
         <name>EUSCIA2_IRQHandler</name>
         <value>0x36d7</value>
      </symbol>
      <symbol id="sm-885">
         <name>EUSCIA3_IRQHandler</name>
         <value>0x36d7</value>
      </symbol>
      <symbol id="sm-886">
         <name>EUSCIB0_IRQHandler</name>
         <value>0x36d7</value>
      </symbol>
      <symbol id="sm-887">
         <name>EUSCIB1_IRQHandler</name>
         <value>0x36d7</value>
      </symbol>
      <symbol id="sm-888">
         <name>EUSCIB2_IRQHandler</name>
         <value>0x36d7</value>
      </symbol>
      <symbol id="sm-889">
         <name>EUSCIB3_IRQHandler</name>
         <value>0x36d7</value>
      </symbol>
      <symbol id="sm-88a">
         <name>ADC14_IRQHandler</name>
         <value>0x36d7</value>
      </symbol>
      <symbol id="sm-88b">
         <name>T32_INT1_IRQHandler</name>
         <value>0x36d7</value>
      </symbol>
      <symbol id="sm-88c">
         <name>T32_INT2_IRQHandler</name>
         <value>0x36d7</value>
      </symbol>
      <symbol id="sm-88d">
         <name>T32_INTC_IRQHandler</name>
         <value>0x36d7</value>
      </symbol>
      <symbol id="sm-88e">
         <name>AES256_IRQHandler</name>
         <value>0x36d7</value>
      </symbol>
      <symbol id="sm-88f">
         <name>RTC_C_IRQHandler</name>
         <value>0x36d7</value>
      </symbol>
      <symbol id="sm-890">
         <name>DMA_ERR_IRQHandler</name>
         <value>0x36d7</value>
      </symbol>
      <symbol id="sm-891">
         <name>DMA_INT3_IRQHandler</name>
         <value>0x36d7</value>
      </symbol>
      <symbol id="sm-892">
         <name>DMA_INT2_IRQHandler</name>
         <value>0x36d7</value>
      </symbol>
      <symbol id="sm-893">
         <name>DMA_INT1_IRQHandler</name>
         <value>0x36d7</value>
      </symbol>
      <symbol id="sm-894">
         <name>DMA_INT0_IRQHandler</name>
         <value>0x36d7</value>
      </symbol>
      <symbol id="sm-895">
         <name>PORT1_IRQHandler</name>
         <value>0x36d7</value>
      </symbol>
      <symbol id="sm-896">
         <name>PORT2_IRQHandler</name>
         <value>0x36d7</value>
      </symbol>
      <symbol id="sm-897">
         <name>PORT3_IRQHandler</name>
         <value>0x36d7</value>
      </symbol>
      <symbol id="sm-898">
         <name>PORT4_IRQHandler</name>
         <value>0x36d7</value>
      </symbol>
      <symbol id="sm-899">
         <name>PORT5_IRQHandler</name>
         <value>0x36d7</value>
      </symbol>
      <symbol id="sm-89a">
         <name>PORT6_IRQHandler</name>
         <value>0x36d7</value>
      </symbol>
      <symbol id="sm-89b">
         <name>remove</name>
         <value>0x34d5</value>
      </symbol>
   </symbol_table>
   <title>Link successful</title>
</link_info>
